Jun 14 21:37:51 shaju-Inspiron-3521 kernel: [  371.819966] audit: type=1400 audit(1560541071.285:90): apparmor="STATUS" operation="profile_replace" profile="unconfined" name="snap.gnome-logs.gnome-logs" pid=7007 comm="apparmor_parser"
Jun 14 21:37:52 shaju-Inspiron-3521 kernel: [  372.568805] audit: type=1400 audit(1560541072.037:91): apparmor="STATUS" operation="profile_replace" info="same as current profile, skipping" profile="unconfined" name="snap-update-ns.gnome-logs" pid=7006 comm="apparmor_parser"
Jun 14 21:37:54 shaju-Inspiron-3521 kernel: [  374.601701] audit: type=1400 audit(1560541074.069:92): apparmor="STATUS" operation="profile_replace" profile="unconfined" name="snap.gnome-system-monitor.gnome-system-monitor" pid=7027 comm="apparmor_parser"
Jun 14 21:37:54 shaju-Inspiron-3521 kernel: [  375.171777] audit: type=1400 audit(1560541074.641:93): apparmor="STATUS" operation="profile_replace" info="same as current profile, skipping" profile="unconfined" name="snap-update-ns.gnome-system-monitor" pid=7026 comm="apparmor_parser"
Jun 14 21:39:04 shaju-Inspiron-3521 kernel: [  445.048365] rfkill: input handler enabled
Jun 14 21:39:04 shaju-Inspiron-3521 kernel: [  445.256690] traps: TaskSchedulerSi[5640] trap int3 ip:559affbab5bb sp:7f20ceaa6ed0 error:0 in chrome[559afd587000+6968000]
Jun 14 21:39:06 shaju-Inspiron-3521 kernel: [  446.935652] [drm] probing gen 2 caps for device 8086:151 = 261ac82/6
Jun 14 21:39:06 shaju-Inspiron-3521 kernel: [  446.935655] [drm] enabling PCIE gen 2 link speeds, disable with radeon.pcie_gen2=0
Jun 14 21:39:06 shaju-Inspiron-3521 kernel: [  446.947787] [drm] PCIE GART of 2048M enabled (table at 0x00000000001D6000).
Jun 14 21:39:06 shaju-Inspiron-3521 kernel: [  446.947891] radeon 0000:01:00.0: WB enabled
Jun 14 21:39:06 shaju-Inspiron-3521 kernel: [  446.947893] radeon 0000:01:00.0: fence driver on ring 0 use gpu addr 0x0000000080000c00 and cpu addr 0x000000009fc0d00b
Jun 14 21:39:06 shaju-Inspiron-3521 kernel: [  446.947895] radeon 0000:01:00.0: fence driver on ring 1 use gpu addr 0x0000000080000c04 and cpu addr 0x000000002c1ba05e
Jun 14 21:39:06 shaju-Inspiron-3521 kernel: [  446.947896] radeon 0000:01:00.0: fence driver on ring 2 use gpu addr 0x0000000080000c08 and cpu addr 0x0000000000e91dd9
Jun 14 21:39:06 shaju-Inspiron-3521 kernel: [  446.947898] radeon 0000:01:00.0: fence driver on ring 3 use gpu addr 0x0000000080000c0c and cpu addr 0x0000000061c977e7
Jun 14 21:39:06 shaju-Inspiron-3521 kernel: [  446.947899] radeon 0000:01:00.0: fence driver on ring 4 use gpu addr 0x0000000080000c10 and cpu addr 0x00000000d9e46ff7
Jun 14 21:39:06 shaju-Inspiron-3521 kernel: [  446.948299] radeon 0000:01:00.0: fence driver on ring 5 use gpu addr 0x0000000000075a18 and cpu addr 0x000000004e770527
Jun 14 21:39:06 shaju-Inspiron-3521 kernel: [  447.048648] radeon 0000:01:00.0: failed VCE resume (-110).
Jun 14 21:39:06 shaju-Inspiron-3521 kernel: [  447.194746] [drm] ring test on 0 succeeded in 1 usecs
Jun 14 21:39:06 shaju-Inspiron-3521 kernel: [  447.194751] [drm] ring test on 1 succeeded in 1 usecs
Jun 14 21:39:06 shaju-Inspiron-3521 kernel: [  447.194754] [drm] ring test on 2 succeeded in 1 usecs
Jun 14 21:39:06 shaju-Inspiron-3521 kernel: [  447.194762] [drm] ring test on 3 succeeded in 3 usecs
Jun 14 21:39:06 shaju-Inspiron-3521 kernel: [  447.194768] [drm] ring test on 4 succeeded in 3 usecs
Jun 14 21:39:06 shaju-Inspiron-3521 kernel: [  447.370465] [drm] ring test on 5 succeeded in 1 usecs
Jun 14 21:39:06 shaju-Inspiron-3521 kernel: [  447.370469] [drm] UVD initialized successfully.
Jun 14 21:39:06 shaju-Inspiron-3521 kernel: [  447.370504] [drm] ib test on ring 0 succeeded in 0 usecs
Jun 14 21:39:06 shaju-Inspiron-3521 kernel: [  447.370531] [drm] ib test on ring 1 succeeded in 0 usecs
Jun 14 21:39:06 shaju-Inspiron-3521 kernel: [  447.370557] [drm] ib test on ring 2 succeeded in 0 usecs
Jun 14 21:39:06 shaju-Inspiron-3521 kernel: [  447.370584] [drm] ib test on ring 3 succeeded in 0 usecs
Jun 14 21:39:06 shaju-Inspiron-3521 kernel: [  447.370609] [drm] ib test on ring 4 succeeded in 0 usecs
Jun 14 21:39:07 shaju-Inspiron-3521 kernel: [  448.029769] [drm] ib test on ring 5 succeeded
Jun 15 08:42:13 shaju-Inspiron-3521 kernel: [    0.000000] microcode: microcode updated early to revision 0x20, date = 2018-04-10
Jun 15 08:42:13 shaju-Inspiron-3521 kernel: [    0.000000] Linux version 4.15.0-48-generic (buildd@lgw01-amd64-036) (gcc version 7.3.0 (Ubuntu 7.3.0-16ubuntu3)) #51-Ubuntu SMP Wed Apr 3 08:28:49 UTC 2019 (Ubuntu 4.15.0-48.51-generic 4.15.18)
Jun 15 08:42:13 shaju-Inspiron-3521 kernel: [    0.000000] Command line: BOOT_IMAGE=/boot/vmlinuz-4.15.0-48-generic root=UUID=17533663-5a9b-432c-a7c5-421f6fe0b2a4 ro quiet
Jun 15 08:42:13 shaju-Inspiron-3521 kernel: [    0.000000] KERNEL supported cpus:
Jun 15 08:42:13 shaju-Inspiron-3521 kernel: [    0.000000]   Intel GenuineIntel
Jun 15 08:42:13 shaju-Inspiron-3521 kernel: [    0.000000]   AMD AuthenticAMD
Jun 15 08:42:13 shaju-Inspiron-3521 kernel: [    0.000000]   Centaur CentaurHauls
Jun 15 08:42:13 shaju-Inspiron-3521 kernel: [    0.000000] x86/fpu: Supporting XSAVE feature 0x001: 'x87 floating point registers'
Jun 15 08:42:13 shaju-Inspiron-3521 kernel: [    0.000000] x86/fpu: Supporting XSAVE feature 0x002: 'SSE registers'
Jun 15 08:42:13 shaju-Inspiron-3521 kernel: [    0.000000] x86/fpu: Supporting XSAVE feature 0x004: 'AVX registers'
Jun 15 08:42:13 shaju-Inspiron-3521 kernel: [    0.000000] x86/fpu: xstate_offset[2]:  576, xstate_sizes[2]:  256
Jun 15 08:42:13 shaju-Inspiron-3521 kernel: [    0.000000] x86/fpu: Enabled xstate features 0x7, context size is 832 bytes, using 'standard' format.
Jun 15 08:42:13 shaju-Inspiron-3521 kernel: [    0.000000] e820: BIOS-provided physical RAM map:
Jun 15 08:42:13 shaju-Inspiron-3521 kernel: [    0.000000] BIOS-e820: [mem 0x0000000000000000-0x000000000009d3ff] usable
Jun 15 08:42:13 shaju-Inspiron-3521 kernel: [    0.000000] BIOS-e820: [mem 0x000000000009d400-0x000000000009ffff] reserved
Jun 15 08:42:13 shaju-Inspiron-3521 kernel: [    0.000000] BIOS-e820: [mem 0x00000000000e0000-0x00000000000fffff] reserved
Jun 15 08:42:13 shaju-Inspiron-3521 kernel: [    0.000000] BIOS-e820: [mem 0x0000000000100000-0x000000001fffffff] usable
Jun 15 08:42:13 shaju-Inspiron-3521 kernel: [    0.000000] BIOS-e820: [mem 0x0000000020000000-0x00000000201fffff] reserved
Jun 15 08:42:13 shaju-Inspiron-3521 kernel: [    0.000000] BIOS-e820: [mem 0x0000000020200000-0x0000000040003fff] usable
Jun 15 08:42:13 shaju-Inspiron-3521 kernel: [    0.000000] BIOS-e820: [mem 0x0000000040004000-0x0000000040004fff] reserved
Jun 15 08:42:13 shaju-Inspiron-3521 kernel: [    0.000000] BIOS-e820: [mem 0x0000000040005000-0x000000008ffaffff] usable
Jun 15 08:42:13 shaju-Inspiron-3521 kernel: [    0.000000] BIOS-e820: [mem 0x000000008ffb0000-0x00000000913affff] reserved
Jun 15 08:42:13 shaju-Inspiron-3521 kernel: [    0.000000] BIOS-e820: [mem 0x00000000913b0000-0x000000009a3befff] usable
Jun 15 08:42:13 shaju-Inspiron-3521 kernel: [    0.000000] BIOS-e820: [mem 0x000000009a3bf000-0x000000009aebefff] reserved
Jun 15 08:42:13 shaju-Inspiron-3521 kernel: [    0.000000] BIOS-e820: [mem 0x000000009aebf000-0x000000009afbefff] ACPI NVS
Jun 15 08:42:13 shaju-Inspiron-3521 kernel: [    0.000000] BIOS-e820: [mem 0x000000009afbf000-0x000000009affefff] ACPI data
Jun 15 08:42:13 shaju-Inspiron-3521 kernel: [    0.000000] BIOS-e820: [mem 0x000000009afff000-0x000000009affffff] usable
Jun 15 08:42:13 shaju-Inspiron-3521 kernel: [    0.000000] BIOS-e820: [mem 0x000000009b000000-0x000000009f9fffff] reserved
Jun 15 08:42:13 shaju-Inspiron-3521 kernel: [    0.000000] BIOS-e820: [mem 0x00000000e0000000-0x00000000efffffff] reserved
Jun 15 08:42:13 shaju-Inspiron-3521 kernel: [    0.000000] BIOS-e820: [mem 0x00000000feb00000-0x00000000feb03fff] reserved
Jun 15 08:42:13 shaju-Inspiron-3521 kernel: [    0.000000] BIOS-e820: [mem 0x00000000fec00000-0x00000000fec00fff] reserved
Jun 15 08:42:13 shaju-Inspiron-3521 kernel: [    0.000000] BIOS-e820: [mem 0x00000000fed10000-0x00000000fed19fff] reserved
Jun 15 08:42:13 shaju-Inspiron-3521 kernel: [    0.000000] BIOS-e820: [mem 0x00000000fed1c000-0x00000000fed1ffff] reserved
Jun 15 08:42:13 shaju-Inspiron-3521 kernel: [    0.000000] BIOS-e820: [mem 0x00000000fee00000-0x00000000fee00fff] reserved
Jun 15 08:42:13 shaju-Inspiron-3521 kernel: [    0.000000] BIOS-e820: [mem 0x00000000ffb80000-0x00000000ffffffff] reserved
Jun 15 08:42:13 shaju-Inspiron-3521 kernel: [    0.000000] BIOS-e820: [mem 0x0000000100000000-0x000000015f5fffff] usable
Jun 15 08:42:13 shaju-Inspiron-3521 kernel: [    0.000000] NX (Execute Disable) protection: active
Jun 15 08:42:13 shaju-Inspiron-3521 kernel: [    0.000000] SMBIOS 2.7 present.
Jun 15 08:42:13 shaju-Inspiron-3521 kernel: [    0.000000] DMI: Dell Inc. Inspiron 3521/06X37M, BIOS A05 01/03/2013
Jun 15 08:42:13 shaju-Inspiron-3521 kernel: [    0.000000] e820: update [mem 0x00000000-0x00000fff] usable ==> reserved
Jun 15 08:42:13 shaju-Inspiron-3521 kernel: [    0.000000] e820: remove [mem 0x000a0000-0x000fffff] usable
Jun 15 08:42:13 shaju-Inspiron-3521 kernel: [    0.000000] e820: last_pfn = 0x15f600 max_arch_pfn = 0x400000000
Jun 15 08:42:13 shaju-Inspiron-3521 kernel: [    0.000000] MTRR default type: uncachable
Jun 15 08:42:13 shaju-Inspiron-3521 kernel: [    0.000000] MTRR fixed ranges enabled:
Jun 15 08:42:13 shaju-Inspiron-3521 kernel: [    0.000000]   00000-9FFFF write-back
Jun 15 08:42:13 shaju-Inspiron-3521 kernel: [    0.000000]   A0000-BFFFF uncachable
Jun 15 08:42:13 shaju-Inspiron-3521 kernel: [    0.000000]   C0000-E7FFF write-protect
Jun 15 08:42:13 shaju-Inspiron-3521 kernel: [    0.000000]   E8000-EFFFF write-combining
Jun 15 08:42:13 shaju-Inspiron-3521 kernel: [    0.000000]   F0000-FFFFF write-protect
Jun 15 08:42:13 shaju-Inspiron-3521 kernel: [    0.000000] MTRR variable ranges enabled:
Jun 15 08:42:13 shaju-Inspiron-3521 kernel: [    0.000000]   0 base 000000000 mask F80000000 write-back
Jun 15 08:42:13 shaju-Inspiron-3521 kernel: [    0.000000]   1 base 080000000 mask FE0000000 write-back
Jun 15 08:42:13 shaju-Inspiron-3521 kernel: [    0.000000]   2 base 09B000000 mask FFF000000 uncachable
Jun 15 08:42:13 shaju-Inspiron-3521 kernel: [    0.000000]   3 base 09C000000 mask FFC000000 uncachable
Jun 15 08:42:13 shaju-Inspiron-3521 kernel: [    0.000000]   4 base 0FFA00000 mask FFFE00000 write-protect
Jun 15 08:42:13 shaju-Inspiron-3521 kernel: [    0.000000]   5 base 0FFC00000 mask FFFC00000 write-protect
Jun 15 08:42:13 shaju-Inspiron-3521 kernel: [    0.000000]   6 base 100000000 mask F80000000 write-back
Jun 15 08:42:13 shaju-Inspiron-3521 kernel: [    0.000000]   7 base 15F600000 mask FFFE00000 uncachable
Jun 15 08:42:13 shaju-Inspiron-3521 kernel: [    0.000000]   8 base 15F800000 mask FFF800000 uncachable
Jun 15 08:42:13 shaju-Inspiron-3521 kernel: [    0.000000]   9 base 160000000 mask FE0000000 uncachable
Jun 15 08:42:13 shaju-Inspiron-3521 kernel: [    0.000000] x86/PAT: Configuration [0-7]: WB  WC  UC- UC  WB  WP  UC- WT  
Jun 15 08:42:13 shaju-Inspiron-3521 kernel: [    0.000000] e820: last_pfn = 0x9b000 max_arch_pfn = 0x400000000
Jun 15 08:42:13 shaju-Inspiron-3521 kernel: [    0.000000] found SMP MP-table at [mem 0x000fe1b0-0x000fe1bf] mapped at [        (ptrval)]
Jun 15 08:42:13 shaju-Inspiron-3521 kernel: [    0.000000] Scanning 1 areas for low memory corruption
Jun 15 08:42:13 shaju-Inspiron-3521 kernel: [    0.000000] Base memory trampoline at [        (ptrval)] 97000 size 24576
Jun 15 08:42:13 shaju-Inspiron-3521 kernel: [    0.000000] BRK [0x10af3f000, 0x10af3ffff] PGTABLE
Jun 15 08:42:13 shaju-Inspiron-3521 kernel: [    0.000000] BRK [0x10af40000, 0x10af40fff] PGTABLE
Jun 15 08:42:13 shaju-Inspiron-3521 kernel: [    0.000000] BRK [0x10af41000, 0x10af41fff] PGTABLE
Jun 15 08:42:13 shaju-Inspiron-3521 kernel: [    0.000000] BRK [0x10af42000, 0x10af42fff] PGTABLE
Jun 15 08:42:13 shaju-Inspiron-3521 kernel: [    0.000000] BRK [0x10af43000, 0x10af43fff] PGTABLE
Jun 15 08:42:13 shaju-Inspiron-3521 kernel: [    0.000000] BRK [0x10af44000, 0x10af44fff] PGTABLE
Jun 15 08:42:13 shaju-Inspiron-3521 kernel: [    0.000000] BRK [0x10af45000, 0x10af45fff] PGTABLE
Jun 15 08:42:13 shaju-Inspiron-3521 kernel: [    0.000000] BRK [0x10af46000, 0x10af46fff] PGTABLE
Jun 15 08:42:13 shaju-Inspiron-3521 kernel: [    0.000000] BRK [0x10af47000, 0x10af47fff] PGTABLE
Jun 15 08:42:13 shaju-Inspiron-3521 kernel: [    0.000000] BRK [0x10af48000, 0x10af48fff] PGTABLE
Jun 15 08:42:13 shaju-Inspiron-3521 kernel: [    0.000000] BRK [0x10af49000, 0x10af49fff] PGTABLE
Jun 15 08:42:13 shaju-Inspiron-3521 kernel: [    0.000000] BRK [0x10af4a000, 0x10af4afff] PGTABLE
Jun 15 08:42:13 shaju-Inspiron-3521 kernel: [    0.000000] RAMDISK: [mem 0x30ea7000-0x3474afff]
Jun 15 08:42:13 shaju-Inspiron-3521 kernel: [    0.000000] ACPI: Early table checksum verification disabled
Jun 15 08:42:13 shaju-Inspiron-3521 kernel: [    0.000000] ACPI: RSDP 0x00000000000FE020 000024 (v02 DELL  )
Jun 15 08:42:13 shaju-Inspiron-3521 kernel: [    0.000000] ACPI: XSDT 0x000000009AFFE210 0000B4 (v01 DELL   CL09     00000001      01000013)
Jun 15 08:42:13 shaju-Inspiron-3521 kernel: [    0.000000] ACPI: FACP 0x000000009AFFA000 00010C (v05 DELL   CL09     00000001 ASL  00040000)
Jun 15 08:42:13 shaju-Inspiron-3521 kernel: [    0.000000] ACPI: DSDT 0x000000009AFED000 0092F2 (v01 DELL   CL09     00000000 ASL  00040000)
Jun 15 08:42:13 shaju-Inspiron-3521 kernel: [    0.000000] ACPI: FACS 0x000000009AFB9000 000040
Jun 15 08:42:13 shaju-Inspiron-3521 kernel: [    0.000000] ACPI: SLIC 0x000000009AFFD000 000176 (v01 DELL   CL09     00000001 ASL  00040000)
Jun 15 08:42:13 shaju-Inspiron-3521 kernel: [    0.000000] ACPI: UEFI 0x000000009AFFC000 000236 (v01 DELL   CL09     00000001 ASL  00040000)
Jun 15 08:42:13 shaju-Inspiron-3521 kernel: [    0.000000] ACPI: ASF! 0x000000009AFFB000 0000A5 (v32 DELL   CL09     00000001 ASL  00040000)
Jun 15 08:42:13 shaju-Inspiron-3521 kernel: [    0.000000] ACPI: HPET 0x000000009AFF9000 000038 (v01 DELL   CL09     00000001 ASL  00040000)
Jun 15 08:42:13 shaju-Inspiron-3521 kernel: [    0.000000] ACPI: APIC 0x000000009AFF8000 00008C (v03 DELL   CL09     00000001 ASL  00040000)
Jun 15 08:42:13 shaju-Inspiron-3521 kernel: [    0.000000] ACPI: MCFG 0x000000009AFF7000 00003C (v01 DELL   CL09     00000001 ASL  00040000)
Jun 15 08:42:13 shaju-Inspiron-3521 kernel: [    0.000000] ACPI: SLIC 0x000000009AFEC000 000176 (v01 DELL   CL09     00000001 ASL  00040000)
Jun 15 08:42:13 shaju-Inspiron-3521 kernel: [    0.000000] ACPI: SSDT 0x000000009AFEB000 0006FE (v01 COMPAL CRV ORB  00001000 ACPI 00040000)
Jun 15 08:42:13 shaju-Inspiron-3521 kernel: [    0.000000] ACPI: BOOT 0x000000009AFE9000 000028 (v01 DELL   CL09     00000001 ASL  00040000)
Jun 15 08:42:13 shaju-Inspiron-3521 kernel: [    0.000000] ACPI: ASPT 0x000000009AFE7000 000034 (v07 DELL   CL09     00000001 ASL  00040000)
Jun 15 08:42:13 shaju-Inspiron-3521 kernel: [    0.000000] ACPI: DBGP 0x000000009AFE6000 000034 (v01 DELL   CL09     00000001 ASL  00040000)
Jun 15 08:42:13 shaju-Inspiron-3521 kernel: [    0.000000] ACPI: FPDT 0x000000009AFE4000 000044 (v01 DELL   CL09     00000001 ASL  00040000)
Jun 15 08:42:13 shaju-Inspiron-3521 kernel: [    0.000000] ACPI: MSDM 0x000000009AFE3000 000055 (v03 DELL   CL09     00000001 ASL  00040000)
Jun 15 08:42:13 shaju-Inspiron-3521 kernel: [    0.000000] ACPI: SSDT 0x000000009AFE2000 0008E4 (v01 COMPAL CRV ORB  00003000 ACPI 00040000)
Jun 15 08:42:13 shaju-Inspiron-3521 kernel: [    0.000000] ACPI: SSDT 0x000000009AFE1000 000A92 (v01 COMPAL CRV ORB  00003000 ACPI 00040000)
Jun 15 08:42:13 shaju-Inspiron-3521 kernel: [    0.000000] ACPI: DMAR 0x000000009AFE0000 0000B8 (v01 DELL   CL09     00000001 ASL  00040000)
Jun 15 08:42:13 shaju-Inspiron-3521 kernel: [    0.000000] ACPI: SSDT 0x000000009AFDE000 001EED (v01 COMPAL CRV ORB  00001000 ACPI 00040000)
Jun 15 08:42:13 shaju-Inspiron-3521 kernel: [    0.000000] ACPI: Local APIC address 0xfee00000
Jun 15 08:42:13 shaju-Inspiron-3521 kernel: [    0.000000] No NUMA configuration found
Jun 15 08:42:13 shaju-Inspiron-3521 kernel: [    0.000000] Faking a node at [mem 0x0000000000000000-0x000000015f5fffff]
Jun 15 08:42:13 shaju-Inspiron-3521 kernel: [    0.000000] NODE_DATA(0) allocated [mem 0x15f5d3000-0x15f5fdfff]
Jun 15 08:42:13 shaju-Inspiron-3521 kernel: [    0.000000] tsc: Fast TSC calibration using PIT
Jun 15 08:42:13 shaju-Inspiron-3521 kernel: [    0.000000] Zone ranges:
Jun 15 08:42:13 shaju-Inspiron-3521 kernel: [    0.000000]   DMA      [mem 0x0000000000001000-0x0000000000ffffff]
Jun 15 08:42:13 shaju-Inspiron-3521 kernel: [    0.000000]   DMA32    [mem 0x0000000001000000-0x00000000ffffffff]
Jun 15 08:42:13 shaju-Inspiron-3521 kernel: [    0.000000]   Normal   [mem 0x0000000100000000-0x000000015f5fffff]
Jun 15 08:42:13 shaju-Inspiron-3521 kernel: [    0.000000]   Device   empty
Jun 15 08:42:13 shaju-Inspiron-3521 kernel: [    0.000000] Movable zone start for each node
Jun 15 08:42:13 shaju-Inspiron-3521 kernel: [    0.000000] Early memory node ranges
Jun 15 08:42:13 shaju-Inspiron-3521 kernel: [    0.000000]   node   0: [mem 0x0000000000001000-0x000000000009cfff]
Jun 15 08:42:13 shaju-Inspiron-3521 kernel: [    0.000000]   node   0: [mem 0x0000000000100000-0x000000001fffffff]
Jun 15 08:42:13 shaju-Inspiron-3521 kernel: [    0.000000]   node   0: [mem 0x0000000020200000-0x0000000040003fff]
Jun 15 08:42:13 shaju-Inspiron-3521 kernel: [    0.000000]   node   0: [mem 0x0000000040005000-0x000000008ffaffff]
Jun 15 08:42:13 shaju-Inspiron-3521 kernel: [    0.000000]   node   0: [mem 0x00000000913b0000-0x000000009a3befff]
Jun 15 08:42:13 shaju-Inspiron-3521 kernel: [    0.000000]   node   0: [mem 0x000000009afff000-0x000000009affffff]
Jun 15 08:42:13 shaju-Inspiron-3521 kernel: [    0.000000]   node   0: [mem 0x0000000100000000-0x000000015f5fffff]
Jun 15 08:42:13 shaju-Inspiron-3521 kernel: [    0.000000] Reserved but unavailable: 29349 pages
Jun 15 08:42:13 shaju-Inspiron-3521 kernel: [    0.000000] Initmem setup node 0 [mem 0x0000000000001000-0x000000015f5fffff]
Jun 15 08:42:13 shaju-Inspiron-3521 kernel: [    0.000000] On node 0 totalpages: 1016667
Jun 15 08:42:13 shaju-Inspiron-3521 kernel: [    0.000000]   DMA zone: 64 pages used for memmap
Jun 15 08:42:13 shaju-Inspiron-3521 kernel: [    0.000000]   DMA zone: 21 pages reserved
Jun 15 08:42:13 shaju-Inspiron-3521 kernel: [    0.000000]   DMA zone: 3996 pages, LIFO batch:0
Jun 15 08:42:13 shaju-Inspiron-3521 kernel: [    0.000000]   DMA32 zone: 9719 pages used for memmap
Jun 15 08:42:13 shaju-Inspiron-3521 kernel: [    0.000000]   DMA32 zone: 622015 pages, LIFO batch:31
Jun 15 08:42:13 shaju-Inspiron-3521 kernel: [    0.000000]   Normal zone: 6104 pages used for memmap
Jun 15 08:42:13 shaju-Inspiron-3521 kernel: [    0.000000]   Normal zone: 390656 pages, LIFO batch:31
Jun 15 08:42:13 shaju-Inspiron-3521 kernel: [    0.000000] Reserving Intel graphics memory at 0x000000009ba00000-0x000000009f9fffff
Jun 15 08:42:13 shaju-Inspiron-3521 kernel: [    0.000000] ACPI: PM-Timer IO Port: 0x408
Jun 15 08:42:13 shaju-Inspiron-3521 kernel: [    0.000000] ACPI: Local APIC address 0xfee00000
Jun 15 08:42:13 shaju-Inspiron-3521 kernel: [    0.000000] IOAPIC[0]: apic_id 0, version 32, address 0xfec00000, GSI 0-23
Jun 15 08:42:13 shaju-Inspiron-3521 kernel: [    0.000000] ACPI: INT_SRC_OVR (bus 0 bus_irq 0 global_irq 2 dfl dfl)
Jun 15 08:42:13 shaju-Inspiron-3521 kernel: [    0.000000] ACPI: INT_SRC_OVR (bus 0 bus_irq 9 global_irq 9 high level)
Jun 15 08:42:13 shaju-Inspiron-3521 kernel: [    0.000000] ACPI: IRQ0 used by override.
Jun 15 08:42:13 shaju-Inspiron-3521 kernel: [    0.000000] ACPI: IRQ9 used by override.
Jun 15 08:42:13 shaju-Inspiron-3521 kernel: [    0.000000] Using ACPI (MADT) for SMP configuration information
Jun 15 08:42:13 shaju-Inspiron-3521 kernel: [    0.000000] ACPI: HPET id: 0x8086a201 base: 0xfed00000
Jun 15 08:42:13 shaju-Inspiron-3521 kernel: [    0.000000] smpboot: Allowing 8 CPUs, 4 hotplug CPUs
Jun 15 08:42:13 shaju-Inspiron-3521 kernel: [    0.000000] PM: Registered nosave memory: [mem 0x00000000-0x00000fff]
Jun 15 08:42:13 shaju-Inspiron-3521 kernel: [    0.000000] PM: Registered nosave memory: [mem 0x0009d000-0x0009dfff]
Jun 15 08:42:13 shaju-Inspiron-3521 kernel: [    0.000000] PM: Registered nosave memory: [mem 0x0009e000-0x0009ffff]
Jun 15 08:42:13 shaju-Inspiron-3521 kernel: [    0.000000] PM: Registered nosave memory: [mem 0x000a0000-0x000dffff]
Jun 15 08:42:13 shaju-Inspiron-3521 kernel: [    0.000000] PM: Registered nosave memory: [mem 0x000e0000-0x000fffff]
Jun 15 08:42:13 shaju-Inspiron-3521 kernel: [    0.000000] PM: Registered nosave memory: [mem 0x20000000-0x201fffff]
Jun 15 08:42:13 shaju-Inspiron-3521 kernel: [    0.000000] PM: Registered nosave memory: [mem 0x40004000-0x40004fff]
Jun 15 08:42:13 shaju-Inspiron-3521 kernel: [    0.000000] PM: Registered nosave memory: [mem 0x8ffb0000-0x913affff]
Jun 15 08:42:13 shaju-Inspiron-3521 kernel: [    0.000000] PM: Registered nosave memory: [mem 0x9a3bf000-0x9aebefff]
Jun 15 08:42:13 shaju-Inspiron-3521 kernel: [    0.000000] PM: Registered nosave memory: [mem 0x9aebf000-0x9afbefff]
Jun 15 08:42:13 shaju-Inspiron-3521 kernel: [    0.000000] PM: Registered nosave memory: [mem 0x9afbf000-0x9affefff]
Jun 15 08:42:13 shaju-Inspiron-3521 kernel: [    0.000000] PM: Registered nosave memory: [mem 0x9b000000-0x9f9fffff]
Jun 15 08:42:13 shaju-Inspiron-3521 kernel: [    0.000000] PM: Registered nosave memory: [mem 0x9fa00000-0xdfffffff]
Jun 15 08:42:13 shaju-Inspiron-3521 kernel: [    0.000000] PM: Registered nosave memory: [mem 0xe0000000-0xefffffff]
Jun 15 08:42:13 shaju-Inspiron-3521 kernel: [    0.000000] PM: Registered nosave memory: [mem 0xf0000000-0xfeafffff]
Jun 15 08:42:13 shaju-Inspiron-3521 kernel: [    0.000000] PM: Registered nosave memory: [mem 0xfeb00000-0xfeb03fff]
Jun 15 08:42:13 shaju-Inspiron-3521 kernel: [    0.000000] PM: Registered nosave memory: [mem 0xfeb04000-0xfebfffff]
Jun 15 08:42:13 shaju-Inspiron-3521 kernel: [    0.000000] PM: Registered nosave memory: [mem 0xfec00000-0xfec00fff]
Jun 15 08:42:13 shaju-Inspiron-3521 kernel: [    0.000000] PM: Registered nosave memory: [mem 0xfec01000-0xfed0ffff]
Jun 15 08:42:13 shaju-Inspiron-3521 kernel: [    0.000000] PM: Registered nosave memory: [mem 0xfed10000-0xfed19fff]
Jun 15 08:42:13 shaju-Inspiron-3521 kernel: [    0.000000] PM: Registered nosave memory: [mem 0xfed1a000-0xfed1bfff]
Jun 15 08:42:13 shaju-Inspiron-3521 kernel: [    0.000000] PM: Registered nosave memory: [mem 0xfed1c000-0xfed1ffff]
Jun 15 08:42:13 shaju-Inspiron-3521 kernel: [    0.000000] PM: Registered nosave memory: [mem 0xfed20000-0xfedfffff]
Jun 15 08:42:13 shaju-Inspiron-3521 kernel: [    0.000000] PM: Registered nosave memory: [mem 0xfee00000-0xfee00fff]
Jun 15 08:42:13 shaju-Inspiron-3521 kernel: [    0.000000] PM: Registered nosave memory: [mem 0xfee01000-0xffb7ffff]
Jun 15 08:42:13 shaju-Inspiron-3521 kernel: [    0.000000] PM: Registered nosave memory: [mem 0xffb80000-0xffffffff]
Jun 15 08:42:13 shaju-Inspiron-3521 kernel: [    0.000000] e820: [mem 0x9fa00000-0xdfffffff] available for PCI devices
Jun 15 08:42:13 shaju-Inspiron-3521 kernel: [    0.000000] Booting paravirtualized kernel on bare hardware
Jun 15 08:42:13 shaju-Inspiron-3521 kernel: [    0.000000] clocksource: refined-jiffies: mask: 0xffffffff max_cycles: 0xffffffff, max_idle_ns: 7645519600211568 ns
Jun 15 08:42:13 shaju-Inspiron-3521 kernel: [    0.000000] random: get_random_bytes called from start_kernel+0x99/0x4fd with crng_init=0
Jun 15 08:42:13 shaju-Inspiron-3521 kernel: [    0.000000] setup_percpu: NR_CPUS:8192 nr_cpumask_bits:8 nr_cpu_ids:8 nr_node_ids:1
Jun 15 08:42:13 shaju-Inspiron-3521 kernel: [    0.000000] percpu: Embedded 46 pages/cpu @        (ptrval) s151552 r8192 d28672 u262144
Jun 15 08:42:13 shaju-Inspiron-3521 kernel: [    0.000000] pcpu-alloc: s151552 r8192 d28672 u262144 alloc=1*2097152
Jun 15 08:42:13 shaju-Inspiron-3521 kernel: [    0.000000] pcpu-alloc: [0] 0 1 2 3 4 5 6 7 
Jun 15 08:42:13 shaju-Inspiron-3521 kernel: [    0.000000] Built 1 zonelists, mobility grouping on.  Total pages: 1000759
Jun 15 08:42:13 shaju-Inspiron-3521 kernel: [    0.000000] Policy zone: Normal
Jun 15 08:42:13 shaju-Inspiron-3521 kernel: [    0.000000] Kernel command line: BOOT_IMAGE=/boot/vmlinuz-4.15.0-48-generic root=UUID=17533663-5a9b-432c-a7c5-421f6fe0b2a4 ro quiet
Jun 15 08:42:13 shaju-Inspiron-3521 kernel: [    0.000000] Calgary: detecting Calgary via BIOS EBDA area
Jun 15 08:42:13 shaju-Inspiron-3521 kernel: [    0.000000] Calgary: Unable to locate Rio Grande table in EBDA - bailing!
Jun 15 08:42:13 shaju-Inspiron-3521 kernel: [    0.000000] Memory: 3847432K/4066668K available (12300K kernel code, 2473K rwdata, 4276K rodata, 2408K init, 2416K bss, 219236K reserved, 0K cma-reserved)
Jun 15 08:42:13 shaju-Inspiron-3521 kernel: [    0.000000] SLUB: HWalign=64, Order=0-3, MinObjects=0, CPUs=8, Nodes=1
Jun 15 08:42:13 shaju-Inspiron-3521 kernel: [    0.000000] Kernel/User page tables isolation: enabled
Jun 15 08:42:13 shaju-Inspiron-3521 kernel: [    0.000000] ftrace: allocating 39226 entries in 154 pages
Jun 15 08:42:13 shaju-Inspiron-3521 kernel: [    0.000000] Hierarchical RCU implementation.
Jun 15 08:42:13 shaju-Inspiron-3521 kernel: [    0.000000] 	RCU restricting CPUs from NR_CPUS=8192 to nr_cpu_ids=8.
Jun 15 08:42:13 shaju-Inspiron-3521 kernel: [    0.000000] 	Tasks RCU enabled.
Jun 15 08:42:13 shaju-Inspiron-3521 kernel: [    0.000000] RCU: Adjusting geometry for rcu_fanout_leaf=16, nr_cpu_ids=8
Jun 15 08:42:13 shaju-Inspiron-3521 kernel: [    0.000000] NR_IRQS: 524544, nr_irqs: 488, preallocated irqs: 16
Jun 15 08:42:13 shaju-Inspiron-3521 kernel: [    0.000000] Console: colour dummy device 80x25
Jun 15 08:42:13 shaju-Inspiron-3521 kernel: [    0.000000] console [tty0] enabled
Jun 15 08:42:13 shaju-Inspiron-3521 kernel: [    0.000000] ACPI: Core revision 20170831
Jun 15 08:42:13 shaju-Inspiron-3521 kernel: [    0.000000] ACPI: 5 ACPI AML tables successfully acquired and loaded
Jun 15 08:42:13 shaju-Inspiron-3521 kernel: [    0.000000] clocksource: hpet: mask: 0xffffffff max_cycles: 0xffffffff, max_idle_ns: 133484882848 ns
Jun 15 08:42:13 shaju-Inspiron-3521 kernel: [    0.000000] hpet clockevent registered
Jun 15 08:42:13 shaju-Inspiron-3521 kernel: [    0.000000] APIC: Switch to symmetric I/O mode setup
Jun 15 08:42:13 shaju-Inspiron-3521 kernel: [    0.000000] DMAR: Host address width 36
Jun 15 08:42:13 shaju-Inspiron-3521 kernel: [    0.000000] DMAR: DRHD base: 0x000000fed90000 flags: 0x0
Jun 15 08:42:13 shaju-Inspiron-3521 kernel: [    0.000000] DMAR: dmar0: reg_base_addr fed90000 ver 1:0 cap c0000020e60262 ecap f0101a
Jun 15 08:42:13 shaju-Inspiron-3521 kernel: [    0.000000] DMAR: DRHD base: 0x000000fed91000 flags: 0x1
Jun 15 08:42:13 shaju-Inspiron-3521 kernel: [    0.000000] DMAR: dmar1: reg_base_addr fed91000 ver 1:0 cap c9008020660262 ecap f0105a
Jun 15 08:42:13 shaju-Inspiron-3521 kernel: [    0.000000] DMAR: RMRR base: 0x0000009ae8c000 end: 0x0000009aeabfff
Jun 15 08:42:13 shaju-Inspiron-3521 kernel: [    0.000000] DMAR: RMRR base: 0x0000009b800000 end: 0x0000009f9fffff
Jun 15 08:42:13 shaju-Inspiron-3521 kernel: [    0.000000] DMAR-IR: IOAPIC id 0 under DRHD base  0xfed91000 IOMMU 1
Jun 15 08:42:13 shaju-Inspiron-3521 kernel: [    0.000000] DMAR-IR: HPET id 0 under DRHD base 0xfed91000
Jun 15 08:42:13 shaju-Inspiron-3521 kernel: [    0.000000] DMAR-IR: Queued invalidation will be enabled to support x2apic and Intr-remapping.
Jun 15 08:42:13 shaju-Inspiron-3521 kernel: [    0.000000] DMAR-IR: Enabled IRQ remapping in x2apic mode
Jun 15 08:42:13 shaju-Inspiron-3521 kernel: [    0.000000] x2apic enabled
Jun 15 08:42:13 shaju-Inspiron-3521 kernel: [    0.000000] Switched APIC routing to cluster x2apic.
Jun 15 08:42:13 shaju-Inspiron-3521 kernel: [    0.000000] ..TIMER: vector=0x30 apic1=0 pin1=2 apic2=-1 pin2=-1
Jun 15 08:42:13 shaju-Inspiron-3521 kernel: [    0.020000] tsc: Fast TSC calibration using PIT
Jun 15 08:42:13 shaju-Inspiron-3521 kernel: [    0.024000] tsc: Detected 1795.946 MHz processor
Jun 15 08:42:13 shaju-Inspiron-3521 kernel: [    0.024000] Calibrating delay loop (skipped), value calculated using timer frequency.. 3591.89 BogoMIPS (lpj=7183784)
Jun 15 08:42:13 shaju-Inspiron-3521 kernel: [    0.024000] pid_max: default: 32768 minimum: 301
Jun 15 08:42:13 shaju-Inspiron-3521 kernel: [    0.024000] Security Framework initialized
Jun 15 08:42:13 shaju-Inspiron-3521 kernel: [    0.024000] Yama: becoming mindful.
Jun 15 08:42:13 shaju-Inspiron-3521 kernel: [    0.024000] AppArmor: AppArmor initialized
Jun 15 08:42:13 shaju-Inspiron-3521 kernel: [    0.024000] Dentry cache hash table entries: 524288 (order: 10, 4194304 bytes)
Jun 15 08:42:13 shaju-Inspiron-3521 kernel: [    0.024000] Inode-cache hash table entries: 262144 (order: 9, 2097152 bytes)
Jun 15 08:42:13 shaju-Inspiron-3521 kernel: [    0.024000] Mount-cache hash table entries: 8192 (order: 4, 65536 bytes)
Jun 15 08:42:13 shaju-Inspiron-3521 kernel: [    0.024000] Mountpoint-cache hash table entries: 8192 (order: 4, 65536 bytes)
Jun 15 08:42:13 shaju-Inspiron-3521 kernel: [    0.024000] ENERGY_PERF_BIAS: Set to 'normal', was 'performance'
Jun 15 08:42:13 shaju-Inspiron-3521 kernel: [    0.024000] ENERGY_PERF_BIAS: View and update with x86_energy_perf_policy(8)
Jun 15 08:42:13 shaju-Inspiron-3521 kernel: [    0.024000] mce: CPU supports 7 MCE banks
Jun 15 08:42:13 shaju-Inspiron-3521 kernel: [    0.024000] CPU0: Thermal monitoring enabled (TM1)
Jun 15 08:42:13 shaju-Inspiron-3521 kernel: [    0.024000] process: using mwait in idle threads
Jun 15 08:42:13 shaju-Inspiron-3521 kernel: [    0.024000] Last level iTLB entries: 4KB 512, 2MB 8, 4MB 8
Jun 15 08:42:13 shaju-Inspiron-3521 kernel: [    0.024000] Last level dTLB entries: 4KB 512, 2MB 32, 4MB 32, 1GB 0
Jun 15 08:42:13 shaju-Inspiron-3521 kernel: [    0.024000] Spectre V2 : Mitigation: Full generic retpoline
Jun 15 08:42:13 shaju-Inspiron-3521 kernel: [    0.024000] Spectre V2 : Spectre v2 / SpectreRSB mitigation: Filling RSB on context switch
Jun 15 08:42:13 shaju-Inspiron-3521 kernel: [    0.024000] Spectre V2 : Enabling Restricted Speculation for firmware calls
Jun 15 08:42:13 shaju-Inspiron-3521 kernel: [    0.024000] Spectre V2 : mitigation: Enabling conditional Indirect Branch Prediction Barrier
Jun 15 08:42:13 shaju-Inspiron-3521 kernel: [    0.024000] Spectre V2 : User space: Mitigation: STIBP via seccomp and prctl
Jun 15 08:42:13 shaju-Inspiron-3521 kernel: [    0.024000] Speculative Store Bypass: Mitigation: Speculative Store Bypass disabled via prctl and seccomp
Jun 15 08:42:13 shaju-Inspiron-3521 kernel: [    0.024000] Freeing SMP alternatives memory: 36K
Jun 15 08:42:13 shaju-Inspiron-3521 kernel: [    0.028093] TSC deadline timer enabled
Jun 15 08:42:13 shaju-Inspiron-3521 kernel: [    0.028097] smpboot: CPU0: Intel(R) Core(TM) i5-3337U CPU @ 1.80GHz (family: 0x6, model: 0x3a, stepping: 0x9)
Jun 15 08:42:13 shaju-Inspiron-3521 kernel: [    0.028196] Performance Events: PEBS fmt1+, IvyBridge events, 16-deep LBR, full-width counters, Intel PMU driver.
Jun 15 08:42:13 shaju-Inspiron-3521 kernel: [    0.028226] ... version:                3
Jun 15 08:42:13 shaju-Inspiron-3521 kernel: [    0.028227] ... bit width:              48
Jun 15 08:42:13 shaju-Inspiron-3521 kernel: [    0.028227] ... generic registers:      4
Jun 15 08:42:13 shaju-Inspiron-3521 kernel: [    0.028229] ... value mask:             0000ffffffffffff
Jun 15 08:42:13 shaju-Inspiron-3521 kernel: [    0.028229] ... max period:             00007fffffffffff
Jun 15 08:42:13 shaju-Inspiron-3521 kernel: [    0.028230] ... fixed-purpose events:   3
Jun 15 08:42:13 shaju-Inspiron-3521 kernel: [    0.028231] ... event mask:             000000070000000f
Jun 15 08:42:13 shaju-Inspiron-3521 kernel: [    0.028282] Hierarchical SRCU implementation.
Jun 15 08:42:13 shaju-Inspiron-3521 kernel: [    0.029804] NMI watchdog: Enabled. Permanently consumes one hw-PMU counter.
Jun 15 08:42:13 shaju-Inspiron-3521 kernel: [    0.029826] smp: Bringing up secondary CPUs ...
Jun 15 08:42:13 shaju-Inspiron-3521 kernel: [    0.029944] x86: Booting SMP configuration:
Jun 15 08:42:13 shaju-Inspiron-3521 kernel: [    0.029946] .... node  #0, CPUs:      #1 #2 #3
Jun 15 08:42:13 shaju-Inspiron-3521 kernel: [    0.038541] smp: Brought up 1 node, 4 CPUs
Jun 15 08:42:13 shaju-Inspiron-3521 kernel: [    0.038541] smpboot: Max logical packages: 2
Jun 15 08:42:13 shaju-Inspiron-3521 kernel: [    0.038541] smpboot: Total of 4 processors activated (14367.56 BogoMIPS)
Jun 15 08:42:13 shaju-Inspiron-3521 kernel: [    0.040251] devtmpfs: initialized
Jun 15 08:42:13 shaju-Inspiron-3521 kernel: [    0.040251] x86/mm: Memory block size: 128MB
Jun 15 08:42:13 shaju-Inspiron-3521 kernel: [    0.040595] evm: security.selinux
Jun 15 08:42:13 shaju-Inspiron-3521 kernel: [    0.040596] evm: security.SMACK64
Jun 15 08:42:13 shaju-Inspiron-3521 kernel: [    0.040596] evm: security.SMACK64EXEC
Jun 15 08:42:13 shaju-Inspiron-3521 kernel: [    0.040597] evm: security.SMACK64TRANSMUTE
Jun 15 08:42:13 shaju-Inspiron-3521 kernel: [    0.040598] evm: security.SMACK64MMAP
Jun 15 08:42:13 shaju-Inspiron-3521 kernel: [    0.040598] evm: security.apparmor
Jun 15 08:42:13 shaju-Inspiron-3521 kernel: [    0.040599] evm: security.ima
Jun 15 08:42:13 shaju-Inspiron-3521 kernel: [    0.040600] evm: security.capability
Jun 15 08:42:13 shaju-Inspiron-3521 kernel: [    0.040619] PM: Registering ACPI NVS region [mem 0x9aebf000-0x9afbefff] (1048576 bytes)
Jun 15 08:42:13 shaju-Inspiron-3521 kernel: [    0.040619] clocksource: jiffies: mask: 0xffffffff max_cycles: 0xffffffff, max_idle_ns: 7645041785100000 ns
Jun 15 08:42:13 shaju-Inspiron-3521 kernel: [    0.040619] futex hash table entries: 2048 (order: 5, 131072 bytes)
Jun 15 08:42:13 shaju-Inspiron-3521 kernel: [    0.040619] pinctrl core: initialized pinctrl subsystem
Jun 15 08:42:13 shaju-Inspiron-3521 kernel: [    0.040619] RTC time:  6:41:22, date: 06/15/19
Jun 15 08:42:13 shaju-Inspiron-3521 kernel: [    0.040619] NET: Registered protocol family 16
Jun 15 08:42:13 shaju-Inspiron-3521 kernel: [    0.040619] audit: initializing netlink subsys (disabled)
Jun 15 08:42:13 shaju-Inspiron-3521 kernel: [    0.040619] audit: type=2000 audit(1560580882.040:1): state=initialized audit_enabled=0 res=1
Jun 15 08:42:13 shaju-Inspiron-3521 kernel: [    0.040619] cpuidle: using governor ladder
Jun 15 08:42:13 shaju-Inspiron-3521 kernel: [    0.040619] cpuidle: using governor menu
Jun 15 08:42:13 shaju-Inspiron-3521 kernel: [    0.040619] Simple Boot Flag at 0x44 set to 0x1
Jun 15 08:42:13 shaju-Inspiron-3521 kernel: [    0.040619] ACPI FADT declares the system doesn't support PCIe ASPM, so disable it
Jun 15 08:42:13 shaju-Inspiron-3521 kernel: [    0.040619] ACPI: bus type PCI registered
Jun 15 08:42:13 shaju-Inspiron-3521 kernel: [    0.040619] acpiphp: ACPI Hot Plug PCI Controller Driver version: 0.5
Jun 15 08:42:13 shaju-Inspiron-3521 kernel: [    0.040619] PCI: MMCONFIG for domain 0000 [bus 00-ff] at [mem 0xe0000000-0xefffffff] (base 0xe0000000)
Jun 15 08:42:13 shaju-Inspiron-3521 kernel: [    0.040619] PCI: MMCONFIG at [mem 0xe0000000-0xefffffff] reserved in E820
Jun 15 08:42:13 shaju-Inspiron-3521 kernel: [    0.040619] PCI: Using configuration type 1 for base access
Jun 15 08:42:13 shaju-Inspiron-3521 kernel: [    0.040619] core: PMU erratum BJ122, BV98, HSD29 worked around, HT is on
Jun 15 08:42:13 shaju-Inspiron-3521 kernel: [    0.044018] HugeTLB registered 2.00 MiB page size, pre-allocated 0 pages
Jun 15 08:42:13 shaju-Inspiron-3521 kernel: [    0.044080] ipmi:dmi: Invalid offset: 0
Jun 15 08:42:13 shaju-Inspiron-3521 kernel: [    0.044109] ACPI: Added _OSI(Module Device)
Jun 15 08:42:13 shaju-Inspiron-3521 kernel: [    0.044110] ACPI: Added _OSI(Processor Device)
Jun 15 08:42:13 shaju-Inspiron-3521 kernel: [    0.044112] ACPI: Added _OSI(3.0 _SCP Extensions)
Jun 15 08:42:13 shaju-Inspiron-3521 kernel: [    0.044113] ACPI: Added _OSI(Processor Aggregator Device)
Jun 15 08:42:13 shaju-Inspiron-3521 kernel: [    0.044114] ACPI: Added _OSI(Linux-Dell-Video)
Jun 15 08:42:13 shaju-Inspiron-3521 kernel: [    0.044116] ACPI: Added _OSI(Linux-Lenovo-NV-HDMI-Audio)
Jun 15 08:42:13 shaju-Inspiron-3521 kernel: [    0.044117] ACPI: Added _OSI(Linux-HPI-Hybrid-Graphics)
Jun 15 08:42:13 shaju-Inspiron-3521 kernel: [    0.044351] ACPI: Executed 1 blocks of module-level executable AML code
Jun 15 08:42:13 shaju-Inspiron-3521 kernel: [    0.053172] ACPI: Dynamic OEM Table Load:
Jun 15 08:42:13 shaju-Inspiron-3521 kernel: [    0.053184] ACPI: SSDT 0xFFFF998019B26000 00083B (v01 PmRef  Cpu0Cst  00003001 INTL 20111123)
Jun 15 08:42:13 shaju-Inspiron-3521 kernel: [    0.053447] ACPI: Dynamic OEM Table Load:
Jun 15 08:42:13 shaju-Inspiron-3521 kernel: [    0.053447] ACPI: SSDT 0xFFFF998019A6A400 000303 (v01 PmRef  ApIst    00003000 INTL 20111123)
Jun 15 08:42:13 shaju-Inspiron-3521 kernel: [    0.056181] ACPI: Dynamic OEM Table Load:
Jun 15 08:42:13 shaju-Inspiron-3521 kernel: [    0.056189] ACPI: SSDT 0xFFFF998019A33A00 000119 (v01 PmRef  ApCst    00003000 INTL 20111123)
Jun 15 08:42:13 shaju-Inspiron-3521 kernel: [    0.057728] ACPI: EC: EC started
Jun 15 08:42:13 shaju-Inspiron-3521 kernel: [    0.057729] ACPI: EC: interrupt blocked
Jun 15 08:42:13 shaju-Inspiron-3521 kernel: [    0.057932] ACPI: \_SB_.PCI0.LPCB.EC0_: Used as first EC
Jun 15 08:42:13 shaju-Inspiron-3521 kernel: [    0.057935] ACPI: \_SB_.PCI0.LPCB.EC0_: GPE=0x17, EC_CMD/EC_SC=0x66, EC_DATA=0x62
Jun 15 08:42:13 shaju-Inspiron-3521 kernel: [    0.057938] ACPI: \_SB_.PCI0.LPCB.EC0_: Used as boot DSDT EC to handle transactions
Jun 15 08:42:13 shaju-Inspiron-3521 kernel: [    0.057938] ACPI: Interpreter enabled
Jun 15 08:42:13 shaju-Inspiron-3521 kernel: [    0.057973] ACPI: (supports S0 S3 S4 S5)
Jun 15 08:42:13 shaju-Inspiron-3521 kernel: [    0.057974] ACPI: Using IOAPIC for interrupt routing
Jun 15 08:42:13 shaju-Inspiron-3521 kernel: [    0.058019] PCI: Using host bridge windows from ACPI; if necessary, use "pci=nocrs" and report a bug
Jun 15 08:42:13 shaju-Inspiron-3521 kernel: [    0.058519] ACPI: Enabled 9 GPEs in block 00 to 3F
Jun 15 08:42:13 shaju-Inspiron-3521 kernel: [    0.160765] ACPI: PCI Root Bridge [PCI0] (domain 0000 [bus 00-fe])
Jun 15 08:42:13 shaju-Inspiron-3521 kernel: [    0.160773] acpi PNP0A08:00: _OSC: OS supports [ExtendedConfig ASPM ClockPM Segments MSI]
Jun 15 08:42:13 shaju-Inspiron-3521 kernel: [    0.161072] acpi PNP0A08:00: _OSC failed (AE_ERROR); disabling ASPM
Jun 15 08:42:13 shaju-Inspiron-3521 kernel: [    0.162067] PCI host bridge to bus 0000:00
Jun 15 08:42:13 shaju-Inspiron-3521 kernel: [    0.162070] pci_bus 0000:00: root bus resource [io  0x0000-0x0cf7 window]
Jun 15 08:42:13 shaju-Inspiron-3521 kernel: [    0.162072] pci_bus 0000:00: root bus resource [io  0x0d00-0xffff window]
Jun 15 08:42:13 shaju-Inspiron-3521 kernel: [    0.162074] pci_bus 0000:00: root bus resource [mem 0x000a0000-0x000bffff window]
Jun 15 08:42:13 shaju-Inspiron-3521 kernel: [    0.162076] pci_bus 0000:00: root bus resource [mem 0x9fa00000-0xfeafffff window]
Jun 15 08:42:13 shaju-Inspiron-3521 kernel: [    0.162079] pci_bus 0000:00: root bus resource [bus 00-fe]
Jun 15 08:42:13 shaju-Inspiron-3521 kernel: [    0.162090] pci 0000:00:00.0: [8086:0154] type 00 class 0x060000
Jun 15 08:42:13 shaju-Inspiron-3521 kernel: [    0.162216] pci 0000:00:01.0: [8086:0151] type 01 class 0x060400
Jun 15 08:42:13 shaju-Inspiron-3521 kernel: [    0.162265] pci 0000:00:01.0: PME# supported from D0 D3hot D3cold
Jun 15 08:42:13 shaju-Inspiron-3521 kernel: [    0.162378] pci 0000:00:02.0: [8086:0166] type 00 class 0x030000
Jun 15 08:42:13 shaju-Inspiron-3521 kernel: [    0.162393] pci 0000:00:02.0: reg 0x10: [mem 0xc1000000-0xc13fffff 64bit]
Jun 15 08:42:13 shaju-Inspiron-3521 kernel: [    0.162401] pci 0000:00:02.0: reg 0x18: [mem 0xb0000000-0xbfffffff 64bit pref]
Jun 15 08:42:13 shaju-Inspiron-3521 kernel: [    0.162407] pci 0000:00:02.0: reg 0x20: [io  0x4000-0x403f]
Jun 15 08:42:13 shaju-Inspiron-3521 kernel: [    0.162594] pci 0000:00:14.0: [8086:1e31] type 00 class 0x0c0330
Jun 15 08:42:13 shaju-Inspiron-3521 kernel: [    0.162625] pci 0000:00:14.0: reg 0x10: [mem 0xc1600000-0xc160ffff 64bit]
Jun 15 08:42:13 shaju-Inspiron-3521 kernel: [    0.162711] pci 0000:00:14.0: PME# supported from D3hot D3cold
Jun 15 08:42:13 shaju-Inspiron-3521 kernel: [    0.162816] pci 0000:00:16.0: [8086:1e3a] type 00 class 0x078000
Jun 15 08:42:13 shaju-Inspiron-3521 kernel: [    0.162848] pci 0000:00:16.0: reg 0x10: [mem 0xc1614000-0xc161400f 64bit]
Jun 15 08:42:13 shaju-Inspiron-3521 kernel: [    0.162937] pci 0000:00:16.0: PME# supported from D0 D3hot D3cold
Jun 15 08:42:13 shaju-Inspiron-3521 kernel: [    0.163049] pci 0000:00:1a.0: [8086:1e2d] type 00 class 0x0c0320
Jun 15 08:42:13 shaju-Inspiron-3521 kernel: [    0.163076] pci 0000:00:1a.0: reg 0x10: [mem 0xc1619000-0xc16193ff]
Jun 15 08:42:13 shaju-Inspiron-3521 kernel: [    0.163174] pci 0000:00:1a.0: PME# supported from D0 D3hot D3cold
Jun 15 08:42:13 shaju-Inspiron-3521 kernel: [    0.163281] pci 0000:00:1b.0: [8086:1e20] type 00 class 0x040300
Jun 15 08:42:13 shaju-Inspiron-3521 kernel: [    0.163309] pci 0000:00:1b.0: reg 0x10: [mem 0xc1610000-0xc1613fff 64bit]
Jun 15 08:42:13 shaju-Inspiron-3521 kernel: [    0.163401] pci 0000:00:1b.0: PME# supported from D0 D3hot D3cold
Jun 15 08:42:13 shaju-Inspiron-3521 kernel: [    0.163513] pci 0000:00:1c.0: [8086:1e10] type 01 class 0x060400
Jun 15 08:42:13 shaju-Inspiron-3521 kernel: [    0.163620] pci 0000:00:1c.0: PME# supported from D0 D3hot D3cold
Jun 15 08:42:13 shaju-Inspiron-3521 kernel: [    0.163735] pci 0000:00:1c.1: [8086:1e12] type 01 class 0x060400
Jun 15 08:42:13 shaju-Inspiron-3521 kernel: [    0.163841] pci 0000:00:1c.1: PME# supported from D0 D3hot D3cold
Jun 15 08:42:13 shaju-Inspiron-3521 kernel: [    0.163964] pci 0000:00:1d.0: [8086:1e26] type 00 class 0x0c0320
Jun 15 08:42:13 shaju-Inspiron-3521 kernel: [    0.163992] pci 0000:00:1d.0: reg 0x10: [mem 0xc1618000-0xc16183ff]
Jun 15 08:42:13 shaju-Inspiron-3521 kernel: [    0.164098] pci 0000:00:1d.0: PME# supported from D0 D3hot D3cold
Jun 15 08:42:13 shaju-Inspiron-3521 kernel: [    0.164209] pci 0000:00:1f.0: [8086:1e59] type 00 class 0x060100
Jun 15 08:42:13 shaju-Inspiron-3521 kernel: [    0.164428] pci 0000:00:1f.2: [8086:1e03] type 00 class 0x010601
Jun 15 08:42:13 shaju-Inspiron-3521 kernel: [    0.164451] pci 0000:00:1f.2: reg 0x10: [io  0x4088-0x408f]
Jun 15 08:42:13 shaju-Inspiron-3521 kernel: [    0.164461] pci 0000:00:1f.2: reg 0x14: [io  0x4094-0x4097]
Jun 15 08:42:13 shaju-Inspiron-3521 kernel: [    0.164470] pci 0000:00:1f.2: reg 0x18: [io  0x4080-0x4087]
Jun 15 08:42:13 shaju-Inspiron-3521 kernel: [    0.164480] pci 0000:00:1f.2: reg 0x1c: [io  0x4090-0x4093]
Jun 15 08:42:13 shaju-Inspiron-3521 kernel: [    0.164490] pci 0000:00:1f.2: reg 0x20: [io  0x4060-0x407f]
Jun 15 08:42:13 shaju-Inspiron-3521 kernel: [    0.164500] pci 0000:00:1f.2: reg 0x24: [mem 0xc1617000-0xc16177ff]
Jun 15 08:42:13 shaju-Inspiron-3521 kernel: [    0.164553] pci 0000:00:1f.2: PME# supported from D3hot
Jun 15 08:42:13 shaju-Inspiron-3521 kernel: [    0.164653] pci 0000:00:1f.3: [8086:1e22] type 00 class 0x0c0500
Jun 15 08:42:13 shaju-Inspiron-3521 kernel: [    0.164678] pci 0000:00:1f.3: reg 0x10: [mem 0xc1615000-0xc16150ff 64bit]
Jun 15 08:42:13 shaju-Inspiron-3521 kernel: [    0.164703] pci 0000:00:1f.3: reg 0x20: [io  0x4040-0x405f]
Jun 15 08:42:13 shaju-Inspiron-3521 kernel: [    0.164908] pci 0000:01:00.0: [1002:6601] type 00 class 0x030000
Jun 15 08:42:13 shaju-Inspiron-3521 kernel: [    0.164926] pci 0000:01:00.0: reg 0x10: [mem 0xa0000000-0xafffffff 64bit pref]
Jun 15 08:42:13 shaju-Inspiron-3521 kernel: [    0.164934] pci 0000:01:00.0: reg 0x18: [mem 0xc0000000-0xc003ffff 64bit]
Jun 15 08:42:13 shaju-Inspiron-3521 kernel: [    0.164940] pci 0000:01:00.0: reg 0x20: [io  0x3000-0x30ff]
Jun 15 08:42:13 shaju-Inspiron-3521 kernel: [    0.164949] pci 0000:01:00.0: reg 0x30: [mem 0xfffe0000-0xffffffff pref]
Jun 15 08:42:13 shaju-Inspiron-3521 kernel: [    0.164955] pci 0000:01:00.0: enabling Extended Tags
Jun 15 08:42:13 shaju-Inspiron-3521 kernel: [    0.164996] pci 0000:01:00.0: supports D1 D2
Jun 15 08:42:13 shaju-Inspiron-3521 kernel: [    0.164998] pci 0000:01:00.0: PME# supported from D1 D2 D3hot
Jun 15 08:42:13 shaju-Inspiron-3521 kernel: [    0.180038] pci 0000:00:01.0: PCI bridge to [bus 01-06]
Jun 15 08:42:13 shaju-Inspiron-3521 kernel: [    0.180042] pci 0000:00:01.0:   bridge window [io  0x3000-0x3fff]
Jun 15 08:42:13 shaju-Inspiron-3521 kernel: [    0.180045] pci 0000:00:01.0:   bridge window [mem 0xc0000000-0xc0ffffff]
Jun 15 08:42:13 shaju-Inspiron-3521 kernel: [    0.180049] pci 0000:00:01.0:   bridge window [mem 0xa0000000-0xafffffff 64bit pref]
Jun 15 08:42:13 shaju-Inspiron-3521 kernel: [    0.180201] pci 0000:07:00.0: [10ec:8136] type 00 class 0x020000
Jun 15 08:42:13 shaju-Inspiron-3521 kernel: [    0.180339] pci 0000:07:00.0: reg 0x10: [io  0x2000-0x20ff]
Jun 15 08:42:13 shaju-Inspiron-3521 kernel: [    0.180462] pci 0000:07:00.0: reg 0x18: [mem 0xc1404000-0xc1404fff 64bit pref]
Jun 15 08:42:13 shaju-Inspiron-3521 kernel: [    0.180540] pci 0000:07:00.0: reg 0x20: [mem 0xc1400000-0xc1403fff 64bit pref]
Jun 15 08:42:13 shaju-Inspiron-3521 kernel: [    0.180943] pci 0000:07:00.0: supports D1 D2
Jun 15 08:42:13 shaju-Inspiron-3521 kernel: [    0.180945] pci 0000:07:00.0: PME# supported from D0 D1 D2 D3hot D3cold
Jun 15 08:42:13 shaju-Inspiron-3521 kernel: [    0.192101] pci 0000:00:1c.0: PCI bridge to [bus 07]
Jun 15 08:42:13 shaju-Inspiron-3521 kernel: [    0.192106] pci 0000:00:1c.0:   bridge window [io  0x2000-0x2fff]
Jun 15 08:42:13 shaju-Inspiron-3521 kernel: [    0.192116] pci 0000:00:1c.0:   bridge window [mem 0xc1400000-0xc14fffff 64bit pref]
Jun 15 08:42:13 shaju-Inspiron-3521 kernel: [    0.192231] pci 0000:08:00.0: [168c:0032] type 00 class 0x028000
Jun 15 08:42:13 shaju-Inspiron-3521 kernel: [    0.192309] pci 0000:08:00.0: reg 0x10: [mem 0xc1500000-0xc157ffff 64bit]
Jun 15 08:42:13 shaju-Inspiron-3521 kernel: [    0.192420] pci 0000:08:00.0: reg 0x30: [mem 0xffff0000-0xffffffff pref]
Jun 15 08:42:13 shaju-Inspiron-3521 kernel: [    0.192587] pci 0000:08:00.0: supports D1 D2
Jun 15 08:42:13 shaju-Inspiron-3521 kernel: [    0.192589] pci 0000:08:00.0: PME# supported from D0 D1 D2 D3hot D3cold
Jun 15 08:42:13 shaju-Inspiron-3521 kernel: [    0.204058] pci 0000:00:1c.1: PCI bridge to [bus 08]
Jun 15 08:42:13 shaju-Inspiron-3521 kernel: [    0.204065] pci 0000:00:1c.1:   bridge window [mem 0xc1500000-0xc15fffff]
Jun 15 08:42:13 shaju-Inspiron-3521 kernel: [    0.288604] ACPI: PCI Interrupt Link [LNKA] (IRQs 1 3 4 5 6 10 11 12 14 15) *7
Jun 15 08:42:13 shaju-Inspiron-3521 kernel: [    0.288727] ACPI: PCI Interrupt Link [LNKB] (IRQs 1 3 4 5 6 10 *11 12 14 15)
Jun 15 08:42:13 shaju-Inspiron-3521 kernel: [    0.288846] ACPI: PCI Interrupt Link [LNKC] (IRQs 1 3 4 5 6 10 11 12 14 15) *0, disabled.
Jun 15 08:42:13 shaju-Inspiron-3521 kernel: [    0.288966] ACPI: PCI Interrupt Link [LNKD] (IRQs 1 3 4 5 6 *10 11 12 14 15)
Jun 15 08:42:13 shaju-Inspiron-3521 kernel: [    0.289083] ACPI: PCI Interrupt Link [LNKE] (IRQs 1 3 4 5 6 10 11 12 14 15) *0, disabled.
Jun 15 08:42:13 shaju-Inspiron-3521 kernel: [    0.289202] ACPI: PCI Interrupt Link [LNKF] (IRQs 1 3 4 5 6 10 11 12 14 15) *7
Jun 15 08:42:13 shaju-Inspiron-3521 kernel: [    0.289320] ACPI: PCI Interrupt Link [LNKG] (IRQs 1 3 4 5 6 *10 11 12 14 15)
Jun 15 08:42:13 shaju-Inspiron-3521 kernel: [    0.289438] ACPI: PCI Interrupt Link [LNKH] (IRQs 1 3 4 5 6 10 *11 12 14 15)
Jun 15 08:42:13 shaju-Inspiron-3521 kernel: [    0.289705] ACPI: EC: interrupt unblocked
Jun 15 08:42:13 shaju-Inspiron-3521 kernel: [    0.289714] ACPI: EC: event unblocked
Jun 15 08:42:13 shaju-Inspiron-3521 kernel: [    0.289722] ACPI: \_SB_.PCI0.LPCB.EC0_: GPE=0x17, EC_CMD/EC_SC=0x66, EC_DATA=0x62
Jun 15 08:42:13 shaju-Inspiron-3521 kernel: [    0.289724] ACPI: \_SB_.PCI0.LPCB.EC0_: Used as boot DSDT EC to handle transactions and events
Jun 15 08:42:13 shaju-Inspiron-3521 kernel: [    0.290011] SCSI subsystem initialized
Jun 15 08:42:13 shaju-Inspiron-3521 kernel: [    0.290027] libata version 3.00 loaded.
Jun 15 08:42:13 shaju-Inspiron-3521 kernel: [    0.290027] pci 0000:00:02.0: vgaarb: setting as boot VGA device
Jun 15 08:42:13 shaju-Inspiron-3521 kernel: [    0.290027] pci 0000:00:02.0: vgaarb: VGA device added: decodes=io+mem,owns=io+mem,locks=none
Jun 15 08:42:13 shaju-Inspiron-3521 kernel: [    0.290027] pci 0000:01:00.0: vgaarb: VGA device added: decodes=io+mem,owns=none,locks=none
Jun 15 08:42:13 shaju-Inspiron-3521 kernel: [    0.290027] pci 0000:00:02.0: vgaarb: no bridge control possible
Jun 15 08:42:13 shaju-Inspiron-3521 kernel: [    0.290027] pci 0000:01:00.0: vgaarb: bridge control possible
Jun 15 08:42:13 shaju-Inspiron-3521 kernel: [    0.290027] vgaarb: loaded
Jun 15 08:42:13 shaju-Inspiron-3521 kernel: [    0.290027] ACPI: bus type USB registered
Jun 15 08:42:13 shaju-Inspiron-3521 kernel: [    0.290027] usbcore: registered new interface driver usbfs
Jun 15 08:42:13 shaju-Inspiron-3521 kernel: [    0.290027] usbcore: registered new interface driver hub
Jun 15 08:42:13 shaju-Inspiron-3521 kernel: [    0.290027] usbcore: registered new device driver usb
Jun 15 08:42:13 shaju-Inspiron-3521 kernel: [    0.290027] EDAC MC: Ver: 3.0.0
Jun 15 08:42:13 shaju-Inspiron-3521 kernel: [    0.290027] PCI: Using ACPI for IRQ routing
Jun 15 08:42:13 shaju-Inspiron-3521 kernel: [    0.298076] PCI: pci_cache_line_size set to 64 bytes
Jun 15 08:42:13 shaju-Inspiron-3521 kernel: [    0.298143] e820: reserve RAM buffer [mem 0x0009d400-0x0009ffff]
Jun 15 08:42:13 shaju-Inspiron-3521 kernel: [    0.298145] e820: reserve RAM buffer [mem 0x40004000-0x43ffffff]
Jun 15 08:42:13 shaju-Inspiron-3521 kernel: [    0.298147] e820: reserve RAM buffer [mem 0x8ffb0000-0x8fffffff]
Jun 15 08:42:13 shaju-Inspiron-3521 kernel: [    0.298148] e820: reserve RAM buffer [mem 0x9a3bf000-0x9bffffff]
Jun 15 08:42:13 shaju-Inspiron-3521 kernel: [    0.298150] e820: reserve RAM buffer [mem 0x9b000000-0x9bffffff]
Jun 15 08:42:13 shaju-Inspiron-3521 kernel: [    0.298151] e820: reserve RAM buffer [mem 0x15f600000-0x15fffffff]
Jun 15 08:42:13 shaju-Inspiron-3521 kernel: [    0.298267] NetLabel: Initializing
Jun 15 08:42:13 shaju-Inspiron-3521 kernel: [    0.298268] NetLabel:  domain hash size = 128
Jun 15 08:42:13 shaju-Inspiron-3521 kernel: [    0.298269] NetLabel:  protocols = UNLABELED CIPSOv4 CALIPSO
Jun 15 08:42:13 shaju-Inspiron-3521 kernel: [    0.298288] NetLabel:  unlabeled traffic allowed by default
Jun 15 08:42:13 shaju-Inspiron-3521 kernel: [    0.298309] hpet0: at MMIO 0xfed00000, IRQs 2, 8, 0, 0, 0, 0, 0, 0
Jun 15 08:42:13 shaju-Inspiron-3521 kernel: [    0.298309] hpet0: 8 comparators, 64-bit 14.318180 MHz counter
Jun 15 08:42:13 shaju-Inspiron-3521 kernel: [    0.300026] clocksource: Switched to clocksource hpet
Jun 15 08:42:13 shaju-Inspiron-3521 kernel: [    0.314344] VFS: Disk quotas dquot_6.6.0
Jun 15 08:42:13 shaju-Inspiron-3521 kernel: [    0.314367] VFS: Dquot-cache hash table entries: 512 (order 0, 4096 bytes)
Jun 15 08:42:13 shaju-Inspiron-3521 kernel: [    0.314493] AppArmor: AppArmor Filesystem Enabled
Jun 15 08:42:13 shaju-Inspiron-3521 kernel: [    0.314525] pnp: PnP ACPI init
Jun 15 08:42:13 shaju-Inspiron-3521 kernel: [    0.314743] system 00:00: [io  0x0680-0x069f] has been reserved
Jun 15 08:42:13 shaju-Inspiron-3521 kernel: [    0.314746] system 00:00: [io  0x1000-0x100f] has been reserved
Jun 15 08:42:13 shaju-Inspiron-3521 kernel: [    0.314748] system 00:00: [io  0xffff] has been reserved
Jun 15 08:42:13 shaju-Inspiron-3521 kernel: [    0.314751] system 00:00: [io  0xffff] has been reserved
Jun 15 08:42:13 shaju-Inspiron-3521 kernel: [    0.314753] system 00:00: [io  0x0400-0x0453] has been reserved
Jun 15 08:42:13 shaju-Inspiron-3521 kernel: [    0.314755] system 00:00: [io  0x0458-0x047f] has been reserved
Jun 15 08:42:13 shaju-Inspiron-3521 kernel: [    0.314758] system 00:00: [io  0x0500-0x057f] has been reserved
Jun 15 08:42:13 shaju-Inspiron-3521 kernel: [    0.314760] system 00:00: [io  0x164e-0x164f] has been reserved
Jun 15 08:42:13 shaju-Inspiron-3521 kernel: [    0.314762] system 00:00: [io  0xfd60-0xfd63] has been reserved
Jun 15 08:42:13 shaju-Inspiron-3521 kernel: [    0.314770] system 00:00: Plug and Play ACPI device, IDs PNP0c02 (active)
Jun 15 08:42:13 shaju-Inspiron-3521 kernel: [    0.314809] pnp 00:01: Plug and Play ACPI device, IDs PNP0b00 (active)
Jun 15 08:42:13 shaju-Inspiron-3521 kernel: [    0.314896] system 00:02: [io  0x0454-0x0457] has been reserved
Jun 15 08:42:13 shaju-Inspiron-3521 kernel: [    0.314902] system 00:02: Plug and Play ACPI device, IDs INT3f0d PNP0c02 (active)
Jun 15 08:42:13 shaju-Inspiron-3521 kernel: [    0.314954] pnp 00:03: Plug and Play ACPI device, IDs PNP0303 (active)
Jun 15 08:42:13 shaju-Inspiron-3521 kernel: [    0.315000] pnp 00:04: Plug and Play ACPI device, IDs DLL05b8 PNP0f13 (active)
Jun 15 08:42:13 shaju-Inspiron-3521 kernel: [    0.396299] system 00:05: [mem 0xfed1c000-0xfed1ffff] has been reserved
Jun 15 08:42:13 shaju-Inspiron-3521 kernel: [    0.396302] system 00:05: [mem 0xfed10000-0xfed17fff] has been reserved
Jun 15 08:42:13 shaju-Inspiron-3521 kernel: [    0.396304] system 00:05: [mem 0xfed18000-0xfed18fff] has been reserved
Jun 15 08:42:13 shaju-Inspiron-3521 kernel: [    0.396307] system 00:05: [mem 0xfed19000-0xfed19fff] has been reserved
Jun 15 08:42:13 shaju-Inspiron-3521 kernel: [    0.396309] system 00:05: [mem 0xe0000000-0xefffffff] has been reserved
Jun 15 08:42:13 shaju-Inspiron-3521 kernel: [    0.396311] system 00:05: [mem 0xfed20000-0xfed3ffff] has been reserved
Jun 15 08:42:13 shaju-Inspiron-3521 kernel: [    0.396314] system 00:05: [mem 0xfed90000-0xfed93fff] could not be reserved
Jun 15 08:42:13 shaju-Inspiron-3521 kernel: [    0.396317] system 00:05: [mem 0xff000000-0xff000fff] has been reserved
Jun 15 08:42:13 shaju-Inspiron-3521 kernel: [    0.396319] system 00:05: [mem 0xff010000-0xffffffff] could not be reserved
Jun 15 08:42:13 shaju-Inspiron-3521 kernel: [    0.396322] system 00:05: [mem 0xfee00000-0xfeefffff] could not be reserved
Jun 15 08:42:13 shaju-Inspiron-3521 kernel: [    0.396324] system 00:05: [mem 0x9fa00000-0x9fa00fff] has been reserved
Jun 15 08:42:13 shaju-Inspiron-3521 kernel: [    0.396330] system 00:05: Plug and Play ACPI device, IDs PNP0c02 (active)
Jun 15 08:42:13 shaju-Inspiron-3521 kernel: [    0.396981] system 00:06: [mem 0x20000000-0x201fffff] has been reserved
Jun 15 08:42:13 shaju-Inspiron-3521 kernel: [    0.396984] system 00:06: [mem 0x40004000-0x40004fff] has been reserved
Jun 15 08:42:13 shaju-Inspiron-3521 kernel: [    0.396989] system 00:06: Plug and Play ACPI device, IDs PNP0c01 (active)
Jun 15 08:42:13 shaju-Inspiron-3521 kernel: [    0.397024] pnp: PnP ACPI: found 7 devices
Jun 15 08:42:13 shaju-Inspiron-3521 kernel: [    0.403866] clocksource: acpi_pm: mask: 0xffffff max_cycles: 0xffffff, max_idle_ns: 2085701024 ns
Jun 15 08:42:13 shaju-Inspiron-3521 kernel: [    0.403872] pci 0000:01:00.0: can't claim BAR 6 [mem 0xfffe0000-0xffffffff pref]: no compatible bridge window
Jun 15 08:42:13 shaju-Inspiron-3521 kernel: [    0.403875] pci 0000:08:00.0: can't claim BAR 6 [mem 0xffff0000-0xffffffff pref]: no compatible bridge window
Jun 15 08:42:13 shaju-Inspiron-3521 kernel: [    0.403906] pci 0000:01:00.0: BAR 6: assigned [mem 0xc0040000-0xc005ffff pref]
Jun 15 08:42:13 shaju-Inspiron-3521 kernel: [    0.403909] pci 0000:00:01.0: PCI bridge to [bus 01-06]
Jun 15 08:42:13 shaju-Inspiron-3521 kernel: [    0.403912] pci 0000:00:01.0:   bridge window [io  0x3000-0x3fff]
Jun 15 08:42:13 shaju-Inspiron-3521 kernel: [    0.403916] pci 0000:00:01.0:   bridge window [mem 0xc0000000-0xc0ffffff]
Jun 15 08:42:13 shaju-Inspiron-3521 kernel: [    0.403919] pci 0000:00:01.0:   bridge window [mem 0xa0000000-0xafffffff 64bit pref]
Jun 15 08:42:13 shaju-Inspiron-3521 kernel: [    0.403924] pci 0000:00:1c.0: PCI bridge to [bus 07]
Jun 15 08:42:13 shaju-Inspiron-3521 kernel: [    0.403928] pci 0000:00:1c.0:   bridge window [io  0x2000-0x2fff]
Jun 15 08:42:13 shaju-Inspiron-3521 kernel: [    0.403937] pci 0000:00:1c.0:   bridge window [mem 0xc1400000-0xc14fffff 64bit pref]
Jun 15 08:42:13 shaju-Inspiron-3521 kernel: [    0.403946] pci 0000:08:00.0: BAR 6: assigned [mem 0xc1580000-0xc158ffff pref]
Jun 15 08:42:13 shaju-Inspiron-3521 kernel: [    0.403948] pci 0000:00:1c.1: PCI bridge to [bus 08]
Jun 15 08:42:13 shaju-Inspiron-3521 kernel: [    0.403954] pci 0000:00:1c.1:   bridge window [mem 0xc1500000-0xc15fffff]
Jun 15 08:42:13 shaju-Inspiron-3521 kernel: [    0.403966] pci_bus 0000:00: resource 4 [io  0x0000-0x0cf7 window]
Jun 15 08:42:13 shaju-Inspiron-3521 kernel: [    0.403969] pci_bus 0000:00: resource 5 [io  0x0d00-0xffff window]
Jun 15 08:42:13 shaju-Inspiron-3521 kernel: [    0.403971] pci_bus 0000:00: resource 6 [mem 0x000a0000-0x000bffff window]
Jun 15 08:42:13 shaju-Inspiron-3521 kernel: [    0.403973] pci_bus 0000:00: resource 7 [mem 0x9fa00000-0xfeafffff window]
Jun 15 08:42:13 shaju-Inspiron-3521 kernel: [    0.403975] pci_bus 0000:01: resource 0 [io  0x3000-0x3fff]
Jun 15 08:42:13 shaju-Inspiron-3521 kernel: [    0.403977] pci_bus 0000:01: resource 1 [mem 0xc0000000-0xc0ffffff]
Jun 15 08:42:13 shaju-Inspiron-3521 kernel: [    0.403979] pci_bus 0000:01: resource 2 [mem 0xa0000000-0xafffffff 64bit pref]
Jun 15 08:42:13 shaju-Inspiron-3521 kernel: [    0.403981] pci_bus 0000:07: resource 0 [io  0x2000-0x2fff]
Jun 15 08:42:13 shaju-Inspiron-3521 kernel: [    0.403983] pci_bus 0000:07: resource 2 [mem 0xc1400000-0xc14fffff 64bit pref]
Jun 15 08:42:13 shaju-Inspiron-3521 kernel: [    0.403986] pci_bus 0000:08: resource 1 [mem 0xc1500000-0xc15fffff]
Jun 15 08:42:13 shaju-Inspiron-3521 kernel: [    0.404144] NET: Registered protocol family 2
Jun 15 08:42:13 shaju-Inspiron-3521 kernel: [    0.404385] TCP established hash table entries: 32768 (order: 6, 262144 bytes)
Jun 15 08:42:13 shaju-Inspiron-3521 kernel: [    0.404472] TCP bind hash table entries: 32768 (order: 7, 524288 bytes)
Jun 15 08:42:13 shaju-Inspiron-3521 kernel: [    0.404556] TCP: Hash tables configured (established 32768 bind 32768)
Jun 15 08:42:13 shaju-Inspiron-3521 kernel: [    0.404597] UDP hash table entries: 2048 (order: 4, 65536 bytes)
Jun 15 08:42:13 shaju-Inspiron-3521 kernel: [    0.404613] UDP-Lite hash table entries: 2048 (order: 4, 65536 bytes)
Jun 15 08:42:13 shaju-Inspiron-3521 kernel: [    0.404679] NET: Registered protocol family 1
Jun 15 08:42:13 shaju-Inspiron-3521 kernel: [    0.404697] pci 0000:00:02.0: Video device with shadowed ROM at [mem 0x000c0000-0x000dffff]
Jun 15 08:42:13 shaju-Inspiron-3521 kernel: [    0.444192] PCI: CLS 64 bytes, default 64
Jun 15 08:42:13 shaju-Inspiron-3521 kernel: [    0.444242] Unpacking initramfs...
Jun 15 08:42:13 shaju-Inspiron-3521 kernel: [    1.649133] Freeing initrd memory: 58000K
Jun 15 08:42:13 shaju-Inspiron-3521 kernel: [    1.649193] PCI-DMA: Using software bounce buffering for IO (SWIOTLB)
Jun 15 08:42:13 shaju-Inspiron-3521 kernel: [    1.649197] software IO TLB [mem 0x963bf000-0x9a3bf000] (64MB) mapped at [        (ptrval)-        (ptrval)]
Jun 15 08:42:13 shaju-Inspiron-3521 kernel: [    1.649518] Scanning for low memory corruption every 60 seconds
Jun 15 08:42:13 shaju-Inspiron-3521 kernel: [    1.650402] Initialise system trusted keyrings
Jun 15 08:42:13 shaju-Inspiron-3521 kernel: [    1.650415] Key type blacklist registered
Jun 15 08:42:13 shaju-Inspiron-3521 kernel: [    1.650456] workingset: timestamp_bits=36 max_order=20 bucket_order=0
Jun 15 08:42:13 shaju-Inspiron-3521 kernel: [    1.651960] zbud: loaded
Jun 15 08:42:13 shaju-Inspiron-3521 kernel: [    1.652651] squashfs: version 4.0 (2009/01/31) Phillip Lougher
Jun 15 08:42:13 shaju-Inspiron-3521 kernel: [    1.652832] fuse init (API version 7.26)
Jun 15 08:42:13 shaju-Inspiron-3521 kernel: [    1.655010] Key type asymmetric registered
Jun 15 08:42:13 shaju-Inspiron-3521 kernel: [    1.655011] Asymmetric key parser 'x509' registered
Jun 15 08:42:13 shaju-Inspiron-3521 kernel: [    1.655060] Block layer SCSI generic (bsg) driver version 0.4 loaded (major 246)
Jun 15 08:42:13 shaju-Inspiron-3521 kernel: [    1.655115] io scheduler noop registered
Jun 15 08:42:13 shaju-Inspiron-3521 kernel: [    1.655116] io scheduler deadline registered
Jun 15 08:42:13 shaju-Inspiron-3521 kernel: [    1.655153] io scheduler cfq registered (default)
Jun 15 08:42:13 shaju-Inspiron-3521 kernel: [    1.655987] vesafb: mode is 1366x768x32, linelength=5504, pages=0
Jun 15 08:42:13 shaju-Inspiron-3521 kernel: [    1.655988] vesafb: scrolling: redraw
Jun 15 08:42:13 shaju-Inspiron-3521 kernel: [    1.655990] vesafb: Truecolor: size=8:8:8:8, shift=24:16:8:0
Jun 15 08:42:13 shaju-Inspiron-3521 kernel: [    1.656015] vesafb: framebuffer at 0xb0000000, mapped to 0x        (ptrval), using 4160k, total 4160k
Jun 15 08:42:13 shaju-Inspiron-3521 kernel: [    1.751759] Console: switching to colour frame buffer device 170x48
Jun 15 08:42:13 shaju-Inspiron-3521 kernel: [    1.847162] fb0: VESA VGA frame buffer device
Jun 15 08:42:13 shaju-Inspiron-3521 kernel: [    1.847199] intel_idle: MWAIT substates: 0x21120
Jun 15 08:42:13 shaju-Inspiron-3521 kernel: [    1.847200] intel_idle: v0.4.1 model 0x3A
Jun 15 08:42:13 shaju-Inspiron-3521 kernel: [    1.847397] intel_idle: lapic_timer_reliable_states 0xffffffff
Jun 15 08:42:13 shaju-Inspiron-3521 kernel: [    1.847530] ACPI: AC Adapter [ACAD] (off-line)
Jun 15 08:42:13 shaju-Inspiron-3521 kernel: [    1.847600] input: Power Button as /devices/LNXSYSTM:00/LNXSYBUS:00/PNP0A08:00/device:01/PNP0C0C:00/input/input0
Jun 15 08:42:13 shaju-Inspiron-3521 kernel: [    1.847612] ACPI: Power Button [PWRB]
Jun 15 08:42:13 shaju-Inspiron-3521 kernel: [    1.847666] input: Lid Switch as /devices/LNXSYSTM:00/LNXSYBUS:00/PNP0C0D:00/input/input1
Jun 15 08:42:13 shaju-Inspiron-3521 kernel: [    1.847702] ACPI: Lid Switch [LID0]
Jun 15 08:42:13 shaju-Inspiron-3521 kernel: [    1.847759] input: Power Button as /devices/LNXSYSTM:00/LNXPWRBN:00/input/input2
Jun 15 08:42:13 shaju-Inspiron-3521 kernel: [    1.847786] ACPI: Power Button [PWRF]
Jun 15 08:42:13 shaju-Inspiron-3521 kernel: [    1.848373] Serial: 8250/16550 driver, 32 ports, IRQ sharing enabled
Jun 15 08:42:13 shaju-Inspiron-3521 kernel: [    2.128243] ACPI: Battery Slot [BAT1] (battery present)
Jun 15 08:42:13 shaju-Inspiron-3521 kernel: [    2.128682] Linux agpgart interface v0.103
Jun 15 08:42:13 shaju-Inspiron-3521 kernel: [    2.131602] loop: module loaded
Jun 15 08:42:13 shaju-Inspiron-3521 kernel: [    2.131825] libphy: Fixed MDIO Bus: probed
Jun 15 08:42:13 shaju-Inspiron-3521 kernel: [    2.131826] tun: Universal TUN/TAP device driver, 1.6
Jun 15 08:42:13 shaju-Inspiron-3521 kernel: [    2.131884] PPP generic driver version 2.4.2
Jun 15 08:42:13 shaju-Inspiron-3521 kernel: [    2.131944] ehci_hcd: USB 2.0 'Enhanced' Host Controller (EHCI) Driver
Jun 15 08:42:13 shaju-Inspiron-3521 kernel: [    2.131948] ehci-pci: EHCI PCI platform driver
Jun 15 08:42:13 shaju-Inspiron-3521 kernel: [    2.132162] ehci-pci 0000:00:1a.0: EHCI Host Controller
Jun 15 08:42:13 shaju-Inspiron-3521 kernel: [    2.132173] ehci-pci 0000:00:1a.0: new USB bus registered, assigned bus number 1
Jun 15 08:42:13 shaju-Inspiron-3521 kernel: [    2.132190] ehci-pci 0000:00:1a.0: debug port 2
Jun 15 08:42:13 shaju-Inspiron-3521 kernel: [    2.136105] ehci-pci 0000:00:1a.0: cache line size of 64 is not supported
Jun 15 08:42:13 shaju-Inspiron-3521 kernel: [    2.136125] ehci-pci 0000:00:1a.0: irq 16, io mem 0xc1619000
Jun 15 08:42:13 shaju-Inspiron-3521 kernel: [    2.152028] ehci-pci 0000:00:1a.0: USB 2.0 started, EHCI 1.00
Jun 15 08:42:13 shaju-Inspiron-3521 kernel: [    2.152075] usb usb1: New USB device found, idVendor=1d6b, idProduct=0002
Jun 15 08:42:13 shaju-Inspiron-3521 kernel: [    2.152078] usb usb1: New USB device strings: Mfr=3, Product=2, SerialNumber=1
Jun 15 08:42:13 shaju-Inspiron-3521 kernel: [    2.152080] usb usb1: Product: EHCI Host Controller
Jun 15 08:42:13 shaju-Inspiron-3521 kernel: [    2.152082] usb usb1: Manufacturer: Linux 4.15.0-48-generic ehci_hcd
Jun 15 08:42:13 shaju-Inspiron-3521 kernel: [    2.152083] usb usb1: SerialNumber: 0000:00:1a.0
Jun 15 08:42:13 shaju-Inspiron-3521 kernel: [    2.152265] hub 1-0:1.0: USB hub found
Jun 15 08:42:13 shaju-Inspiron-3521 kernel: [    2.152272] hub 1-0:1.0: 2 ports detected
Jun 15 08:42:13 shaju-Inspiron-3521 kernel: [    2.152573] ehci-pci 0000:00:1d.0: EHCI Host Controller
Jun 15 08:42:13 shaju-Inspiron-3521 kernel: [    2.152579] ehci-pci 0000:00:1d.0: new USB bus registered, assigned bus number 2
Jun 15 08:42:13 shaju-Inspiron-3521 kernel: [    2.152593] ehci-pci 0000:00:1d.0: debug port 2
Jun 15 08:42:13 shaju-Inspiron-3521 kernel: [    2.156490] ehci-pci 0000:00:1d.0: cache line size of 64 is not supported
Jun 15 08:42:13 shaju-Inspiron-3521 kernel: [    2.156505] ehci-pci 0000:00:1d.0: irq 23, io mem 0xc1618000
Jun 15 08:42:13 shaju-Inspiron-3521 kernel: [    2.172028] ehci-pci 0000:00:1d.0: USB 2.0 started, EHCI 1.00
Jun 15 08:42:13 shaju-Inspiron-3521 kernel: [    2.172066] usb usb2: New USB device found, idVendor=1d6b, idProduct=0002
Jun 15 08:42:13 shaju-Inspiron-3521 kernel: [    2.172068] usb usb2: New USB device strings: Mfr=3, Product=2, SerialNumber=1
Jun 15 08:42:13 shaju-Inspiron-3521 kernel: [    2.172070] usb usb2: Product: EHCI Host Controller
Jun 15 08:42:13 shaju-Inspiron-3521 kernel: [    2.172072] usb usb2: Manufacturer: Linux 4.15.0-48-generic ehci_hcd
Jun 15 08:42:13 shaju-Inspiron-3521 kernel: [    2.172074] usb usb2: SerialNumber: 0000:00:1d.0
Jun 15 08:42:13 shaju-Inspiron-3521 kernel: [    2.172242] hub 2-0:1.0: USB hub found
Jun 15 08:42:13 shaju-Inspiron-3521 kernel: [    2.172248] hub 2-0:1.0: 2 ports detected
Jun 15 08:42:13 shaju-Inspiron-3521 kernel: [    2.172380] ehci-platform: EHCI generic platform driver
Jun 15 08:42:13 shaju-Inspiron-3521 kernel: [    2.172394] ohci_hcd: USB 1.1 'Open' Host Controller (OHCI) Driver
Jun 15 08:42:13 shaju-Inspiron-3521 kernel: [    2.172397] ohci-pci: OHCI PCI platform driver
Jun 15 08:42:13 shaju-Inspiron-3521 kernel: [    2.172407] ohci-platform: OHCI generic platform driver
Jun 15 08:42:13 shaju-Inspiron-3521 kernel: [    2.172416] uhci_hcd: USB Universal Host Controller Interface driver
Jun 15 08:42:13 shaju-Inspiron-3521 kernel: [    2.172597] xhci_hcd 0000:00:14.0: xHCI Host Controller
Jun 15 08:42:13 shaju-Inspiron-3521 kernel: [    2.172604] xhci_hcd 0000:00:14.0: new USB bus registered, assigned bus number 3
Jun 15 08:42:13 shaju-Inspiron-3521 kernel: [    2.173698] xhci_hcd 0000:00:14.0: hcc params 0x20007181 hci version 0x100 quirks 0x000000000000b930
Jun 15 08:42:13 shaju-Inspiron-3521 kernel: [    2.173704] xhci_hcd 0000:00:14.0: cache line size of 64 is not supported
Jun 15 08:42:13 shaju-Inspiron-3521 kernel: [    2.173859] usb usb3: New USB device found, idVendor=1d6b, idProduct=0002
Jun 15 08:42:13 shaju-Inspiron-3521 kernel: [    2.173861] usb usb3: New USB device strings: Mfr=3, Product=2, SerialNumber=1
Jun 15 08:42:13 shaju-Inspiron-3521 kernel: [    2.173863] usb usb3: Product: xHCI Host Controller
Jun 15 08:42:13 shaju-Inspiron-3521 kernel: [    2.173865] usb usb3: Manufacturer: Linux 4.15.0-48-generic xhci-hcd
Jun 15 08:42:13 shaju-Inspiron-3521 kernel: [    2.173867] usb usb3: SerialNumber: 0000:00:14.0
Jun 15 08:42:13 shaju-Inspiron-3521 kernel: [    2.174113] hub 3-0:1.0: USB hub found
Jun 15 08:42:13 shaju-Inspiron-3521 kernel: [    2.174125] hub 3-0:1.0: 4 ports detected
Jun 15 08:42:13 shaju-Inspiron-3521 kernel: [    2.174735] xhci_hcd 0000:00:14.0: xHCI Host Controller
Jun 15 08:42:13 shaju-Inspiron-3521 kernel: [    2.174740] xhci_hcd 0000:00:14.0: new USB bus registered, assigned bus number 4
Jun 15 08:42:13 shaju-Inspiron-3521 kernel: [    2.174744] xhci_hcd 0000:00:14.0: Host supports USB 3.0  SuperSpeed
Jun 15 08:42:13 shaju-Inspiron-3521 kernel: [    2.174789] usb usb4: New USB device found, idVendor=1d6b, idProduct=0003
Jun 15 08:42:13 shaju-Inspiron-3521 kernel: [    2.174791] usb usb4: New USB device strings: Mfr=3, Product=2, SerialNumber=1
Jun 15 08:42:13 shaju-Inspiron-3521 kernel: [    2.174793] usb usb4: Product: xHCI Host Controller
Jun 15 08:42:13 shaju-Inspiron-3521 kernel: [    2.174795] usb usb4: Manufacturer: Linux 4.15.0-48-generic xhci-hcd
Jun 15 08:42:13 shaju-Inspiron-3521 kernel: [    2.174797] usb usb4: SerialNumber: 0000:00:14.0
Jun 15 08:42:13 shaju-Inspiron-3521 kernel: [    2.175045] hub 4-0:1.0: USB hub found
Jun 15 08:42:13 shaju-Inspiron-3521 kernel: [    2.175057] hub 4-0:1.0: 4 ports detected
Jun 15 08:42:13 shaju-Inspiron-3521 kernel: [    2.175749] i8042: PNP: PS/2 Controller [PNP0303:PS2K,PNP0f13:PS2M] at 0x60,0x64 irq 1,12
Jun 15 08:42:13 shaju-Inspiron-3521 kernel: [    2.185713] serio: i8042 KBD port at 0x60,0x64 irq 1
Jun 15 08:42:13 shaju-Inspiron-3521 kernel: [    2.185992] mousedev: PS/2 mouse device common for all mice
Jun 15 08:42:13 shaju-Inspiron-3521 kernel: [    2.186637] rtc_cmos 00:01: RTC can wake from S4
Jun 15 08:42:13 shaju-Inspiron-3521 kernel: [    2.186814] rtc_cmos 00:01: rtc core: registered rtc_cmos as rtc0
Jun 15 08:42:13 shaju-Inspiron-3521 kernel: [    2.186848] rtc_cmos 00:01: alarms up to one month, 242 bytes nvram, hpet irqs
Jun 15 08:42:13 shaju-Inspiron-3521 kernel: [    2.186857] i2c /dev entries driver
Jun 15 08:42:13 shaju-Inspiron-3521 kernel: [    2.186863] pcie_mp2_amd: AMD(R) PCI-E MP2 Communication Driver Version: 1.0
Jun 15 08:42:13 shaju-Inspiron-3521 kernel: [    2.186945] device-mapper: uevent: version 1.0.3
Jun 15 08:42:13 shaju-Inspiron-3521 kernel: [    2.187046] device-mapper: ioctl: 4.37.0-ioctl (2017-09-20) initialised: dm-devel@redhat.com
Jun 15 08:42:13 shaju-Inspiron-3521 kernel: [    2.187054] intel_pstate: Intel P-state driver initializing
Jun 15 08:42:13 shaju-Inspiron-3521 kernel: [    2.187343] ledtrig-cpu: registered to indicate activity on CPUs
Jun 15 08:42:13 shaju-Inspiron-3521 kernel: [    2.187762] NET: Registered protocol family 10
Jun 15 08:42:13 shaju-Inspiron-3521 kernel: [    2.191677] Segment Routing with IPv6
Jun 15 08:42:13 shaju-Inspiron-3521 kernel: [    2.191696] NET: Registered protocol family 17
Jun 15 08:42:13 shaju-Inspiron-3521 kernel: [    2.191739] Key type dns_resolver registered
Jun 15 08:42:13 shaju-Inspiron-3521 kernel: [    2.191968] RAS: Correctable Errors collector initialized.
Jun 15 08:42:13 shaju-Inspiron-3521 kernel: [    2.191995] microcode: sig=0x306a9, pf=0x10, revision=0x20
Jun 15 08:42:13 shaju-Inspiron-3521 kernel: [    2.192058] microcode: Microcode Update Driver: v2.2.
Jun 15 08:42:13 shaju-Inspiron-3521 kernel: [    2.192071] sched_clock: Marking stable (2192052474, 0)->(2186630786, 5421688)
Jun 15 08:42:13 shaju-Inspiron-3521 kernel: [    2.192281] registered taskstats version 1
Jun 15 08:42:13 shaju-Inspiron-3521 kernel: [    2.192290] Loading compiled-in X.509 certificates
Jun 15 08:42:13 shaju-Inspiron-3521 kernel: [    2.194892] Loaded X.509 cert 'Build time autogenerated kernel key: e7056c016f846647db0f624c10ce588fee742707'
Jun 15 08:42:13 shaju-Inspiron-3521 kernel: [    2.194915] zswap: loaded using pool lzo/zbud
Jun 15 08:42:13 shaju-Inspiron-3521 kernel: [    2.198477] Key type big_key registered
Jun 15 08:42:13 shaju-Inspiron-3521 kernel: [    2.198481] Key type trusted registered
Jun 15 08:42:13 shaju-Inspiron-3521 kernel: [    2.200190] Key type encrypted registered
Jun 15 08:42:13 shaju-Inspiron-3521 kernel: [    2.200193] AppArmor: AppArmor sha1 policy hashing enabled
Jun 15 08:42:13 shaju-Inspiron-3521 kernel: [    2.200197] ima: No TPM chip found, activating TPM-bypass! (rc=-19)
Jun 15 08:42:13 shaju-Inspiron-3521 kernel: [    2.200204] ima: Allocated hash algorithm: sha1
Jun 15 08:42:13 shaju-Inspiron-3521 kernel: [    2.200231] evm: HMAC attrs: 0x1
Jun 15 08:42:13 shaju-Inspiron-3521 kernel: [    2.200531]   Magic number: 7:892:670
Jun 15 08:42:13 shaju-Inspiron-3521 kernel: [    2.200633] rtc_cmos 00:01: setting system clock to 2019-06-15 06:41:24 UTC (1560580884)
Jun 15 08:42:13 shaju-Inspiron-3521 kernel: [    2.200692] BIOS EDD facility v0.16 2004-Jun-25, 0 devices found
Jun 15 08:42:13 shaju-Inspiron-3521 kernel: [    2.200692] EDD information not available.
Jun 15 08:42:13 shaju-Inspiron-3521 kernel: [    2.202746] Freeing unused kernel image memory: 2408K
Jun 15 08:42:13 shaju-Inspiron-3521 kernel: [    2.248198] Write protecting the kernel read-only data: 20480k
Jun 15 08:42:13 shaju-Inspiron-3521 kernel: [    2.248819] Freeing unused kernel image memory: 2008K
Jun 15 08:42:13 shaju-Inspiron-3521 kernel: [    2.249197] Freeing unused kernel image memory: 1868K
Jun 15 08:42:13 shaju-Inspiron-3521 kernel: [    2.257659] x86/mm: Checked W+X mappings: passed, no W+X pages found.
Jun 15 08:42:13 shaju-Inspiron-3521 kernel: [    2.257660] x86/mm: Checking user space page tables
Jun 15 08:42:13 shaju-Inspiron-3521 kernel: [    2.265380] x86/mm: Checked W+X mappings: passed, no W+X pages found.
Jun 15 08:42:13 shaju-Inspiron-3521 kernel: [    2.349855] wmi_bus wmi_bus-PNP0C14:00: WQBC data block query control method not found
Jun 15 08:42:13 shaju-Inspiron-3521 kernel: [    2.356228] r8169 Gigabit Ethernet driver 2.3LK-NAPI loaded
Jun 15 08:42:13 shaju-Inspiron-3521 kernel: [    2.356239] r8169 0000:07:00.0: can't disable ASPM; OS doesn't have ASPM control
Jun 15 08:42:13 shaju-Inspiron-3521 kernel: [    2.356700] ahci 0000:00:1f.2: version 3.0
Jun 15 08:42:13 shaju-Inspiron-3521 kernel: [    2.356743] r8169 0000:07:00.0 eth0: RTL8105e at 0x        (ptrval), 74:86:7a:06:ce:aa, XID 00c00000 IRQ 27
Jun 15 08:42:13 shaju-Inspiron-3521 kernel: [    2.367023] ahci 0000:00:1f.2: AHCI 0001.0300 32 slots 6 ports 6 Gbps 0x5 impl SATA mode
Jun 15 08:42:13 shaju-Inspiron-3521 kernel: [    2.367028] ahci 0000:00:1f.2: flags: 64bit ncq pm led clo pio slum part ems apst 
Jun 15 08:42:13 shaju-Inspiron-3521 kernel: [    2.376891] scsi host0: ahci
Jun 15 08:42:13 shaju-Inspiron-3521 kernel: [    2.377014] scsi host1: ahci
Jun 15 08:42:13 shaju-Inspiron-3521 kernel: [    2.377648] scsi host2: ahci
Jun 15 08:42:13 shaju-Inspiron-3521 kernel: [    2.377846] scsi host3: ahci
Jun 15 08:42:13 shaju-Inspiron-3521 kernel: [    2.377977] scsi host4: ahci
Jun 15 08:42:13 shaju-Inspiron-3521 kernel: [    2.378101] scsi host5: ahci
Jun 15 08:42:13 shaju-Inspiron-3521 kernel: [    2.378163] ata1: SATA max UDMA/133 abar m2048@0xc1617000 port 0xc1617100 irq 28
Jun 15 08:42:13 shaju-Inspiron-3521 kernel: [    2.378165] ata2: DUMMY
Jun 15 08:42:13 shaju-Inspiron-3521 kernel: [    2.378168] ata3: SATA max UDMA/133 abar m2048@0xc1617000 port 0xc1617200 irq 28
Jun 15 08:42:13 shaju-Inspiron-3521 kernel: [    2.378169] ata4: DUMMY
Jun 15 08:42:13 shaju-Inspiron-3521 kernel: [    2.378170] ata5: DUMMY
Jun 15 08:42:13 shaju-Inspiron-3521 kernel: [    2.378171] ata6: DUMMY
Jun 15 08:42:13 shaju-Inspiron-3521 kernel: [    2.386446] r8169 0000:07:00.0 enp7s0: renamed from eth0
Jun 15 08:42:13 shaju-Inspiron-3521 kernel: [    2.426617] [drm] radeon kernel modesetting enabled.
Jun 15 08:42:13 shaju-Inspiron-3521 kernel: [    2.426639] vga_switcheroo: detected switching method \_SB_.PCI0.GFX0.ATPX handle
Jun 15 08:42:13 shaju-Inspiron-3521 kernel: [    2.426873] ATPX version 1, functions 0x00000033
Jun 15 08:42:13 shaju-Inspiron-3521 kernel: [    2.427120] checking generic (b0000000 410000) vs hw (a0000000 10000000)
Jun 15 08:42:13 shaju-Inspiron-3521 kernel: [    2.427166] radeon 0000:01:00.0: enabling device (0000 -> 0003)
Jun 15 08:42:13 shaju-Inspiron-3521 kernel: [    2.427337] [drm] initializing kernel modesetting (OLAND 0x1002:0x6601 0x1028:0x05B8 0x00).
Jun 15 08:42:13 shaju-Inspiron-3521 kernel: [    2.430513] [drm] Memory usable by graphics device = 2048M
Jun 15 08:42:13 shaju-Inspiron-3521 kernel: [    2.430515] checking generic (b0000000 410000) vs hw (b0000000 10000000)
Jun 15 08:42:13 shaju-Inspiron-3521 kernel: [    2.430517] fb: switching to inteldrmfb from VESA VGA
Jun 15 08:42:13 shaju-Inspiron-3521 kernel: [    2.430540] Console: switching to colour dummy device 80x25
Jun 15 08:42:13 shaju-Inspiron-3521 kernel: [    2.430614] [drm] Replacing VGA console driver
Jun 15 08:42:13 shaju-Inspiron-3521 kernel: [    2.442094] [drm] Supports vblank timestamp caching Rev 2 (21.10.2013).
Jun 15 08:42:13 shaju-Inspiron-3521 kernel: [    2.442095] [drm] Driver supports precise vblank timestamp query.
Jun 15 08:42:13 shaju-Inspiron-3521 kernel: [    2.446558] vga_switcheroo: enabled
Jun 15 08:42:13 shaju-Inspiron-3521 kernel: [    2.456054] ATOM BIOS: Dell/Compal
Jun 15 08:42:13 shaju-Inspiron-3521 kernel: [    2.456153] radeon 0000:01:00.0: VRAM: 2048M 0x0000000000000000 - 0x000000007FFFFFFF (2048M used)
Jun 15 08:42:13 shaju-Inspiron-3521 kernel: [    2.456155] radeon 0000:01:00.0: GTT: 2048M 0x0000000080000000 - 0x00000000FFFFFFFF
Jun 15 08:42:13 shaju-Inspiron-3521 kernel: [    2.456159] [drm] Detected VRAM RAM=2048M, BAR=256M
Jun 15 08:42:13 shaju-Inspiron-3521 kernel: [    2.456160] [drm] RAM width 128bits DDR
Jun 15 08:42:13 shaju-Inspiron-3521 kernel: [    2.456221] [TTM] Zone  kernel: Available graphics memory: 1955876 kiB
Jun 15 08:42:13 shaju-Inspiron-3521 kernel: [    2.456222] [TTM] Initializing pool allocator
Jun 15 08:42:13 shaju-Inspiron-3521 kernel: [    2.456226] [TTM] Initializing DMA pool allocator
Jun 15 08:42:13 shaju-Inspiron-3521 kernel: [    2.456245] [drm] radeon: 2048M of VRAM memory ready
Jun 15 08:42:13 shaju-Inspiron-3521 kernel: [    2.456246] [drm] radeon: 2048M of GTT memory ready.
Jun 15 08:42:13 shaju-Inspiron-3521 kernel: [    2.456254] [drm] Loading oland Microcode
Jun 15 08:42:13 shaju-Inspiron-3521 kernel: [    2.456355] [drm] Internal thermal controller without fan control
Jun 15 08:42:13 shaju-Inspiron-3521 kernel: [    2.456443] [drm] probing gen 2 caps for device 8086:151 = 261ac82/6
Jun 15 08:42:13 shaju-Inspiron-3521 kernel: [    2.456540] i915 0000:00:02.0: vgaarb: changed VGA decodes: olddecodes=io+mem,decodes=none:owns=io+mem
Jun 15 08:42:13 shaju-Inspiron-3521 kernel: [    2.456544] radeon 0000:01:00.0: vgaarb: changed VGA decodes: olddecodes=io+mem,decodes=none:owns=none
Jun 15 08:42:13 shaju-Inspiron-3521 kernel: [    2.463076] [drm] radeon: dpm initialized
Jun 15 08:42:13 shaju-Inspiron-3521 kernel: [    2.465193] [drm] Found VCE firmware/feedback version 50.0.1 / 17!
Jun 15 08:42:13 shaju-Inspiron-3521 kernel: [    2.465201] [drm] GART: num cpu pages 524288, num gpu pages 524288
Jun 15 08:42:13 shaju-Inspiron-3521 kernel: [    2.466466] [drm] probing gen 2 caps for device 8086:151 = 261ac82/6
Jun 15 08:42:13 shaju-Inspiron-3521 kernel: [    2.466469] [drm] PCIE gen 2 link speeds already enabled
Jun 15 08:42:13 shaju-Inspiron-3521 kernel: [    2.475031] [drm] PCIE GART of 2048M enabled (table at 0x00000000001D6000).
Jun 15 08:42:13 shaju-Inspiron-3521 kernel: [    2.475163] radeon 0000:01:00.0: WB enabled
Jun 15 08:42:13 shaju-Inspiron-3521 kernel: [    2.475166] radeon 0000:01:00.0: fence driver on ring 0 use gpu addr 0x0000000080000c00 and cpu addr 0x        (ptrval)
Jun 15 08:42:13 shaju-Inspiron-3521 kernel: [    2.475167] radeon 0000:01:00.0: fence driver on ring 1 use gpu addr 0x0000000080000c04 and cpu addr 0x        (ptrval)
Jun 15 08:42:13 shaju-Inspiron-3521 kernel: [    2.475169] radeon 0000:01:00.0: fence driver on ring 2 use gpu addr 0x0000000080000c08 and cpu addr 0x        (ptrval)
Jun 15 08:42:13 shaju-Inspiron-3521 kernel: [    2.475179] radeon 0000:01:00.0: fence driver on ring 3 use gpu addr 0x0000000080000c0c and cpu addr 0x        (ptrval)
Jun 15 08:42:13 shaju-Inspiron-3521 kernel: [    2.475181] radeon 0000:01:00.0: fence driver on ring 4 use gpu addr 0x0000000080000c10 and cpu addr 0x        (ptrval)
Jun 15 08:42:13 shaju-Inspiron-3521 kernel: [    2.475606] radeon 0000:01:00.0: fence driver on ring 5 use gpu addr 0x0000000000075a18 and cpu addr 0x        (ptrval)
Jun 15 08:42:13 shaju-Inspiron-3521 kernel: [    2.508010] usb 2-1: new high-speed USB device number 2 using ehci-pci
Jun 15 08:42:13 shaju-Inspiron-3521 kernel: [    2.508027] usb 3-4: new full-speed USB device number 2 using xhci_hcd
Jun 15 08:42:13 shaju-Inspiron-3521 kernel: [    2.575889] radeon 0000:01:00.0: failed VCE resume (-110).
Jun 15 08:42:13 shaju-Inspiron-3521 kernel: [    2.575906] usb 1-1: new high-speed USB device number 2 using ehci-pci
Jun 15 08:42:13 shaju-Inspiron-3521 kernel: [    2.575909] [drm] Supports vblank timestamp caching Rev 2 (21.10.2013).
Jun 15 08:42:13 shaju-Inspiron-3521 kernel: [    2.575910] [drm] Driver supports precise vblank timestamp query.
Jun 15 08:42:13 shaju-Inspiron-3521 kernel: [    2.575912] radeon 0000:01:00.0: radeon: MSI limited to 32-bit
Jun 15 08:42:13 shaju-Inspiron-3521 kernel: [    2.575960] radeon 0000:01:00.0: radeon: using MSI.
Jun 15 08:42:13 shaju-Inspiron-3521 kernel: [    2.575990] [drm] radeon: irq initialized.
Jun 15 08:42:13 shaju-Inspiron-3521 kernel: [    2.629607] input: AT Translated Set 2 keyboard as /devices/platform/i8042/serio0/input/input5
Jun 15 08:42:13 shaju-Inspiron-3521 kernel: [    2.652008] tsc: Refined TSC clocksource calibration: 1795.921 MHz
Jun 15 08:42:13 shaju-Inspiron-3521 kernel: [    2.652017] clocksource: tsc: mask: 0xffffffffffffffff max_cycles: 0x19e31c6d649, max_idle_ns: 440795292875 ns
Jun 15 08:42:13 shaju-Inspiron-3521 kernel: [    2.666161] usb 3-4: New USB device found, idVendor=046d, idProduct=c534
Jun 15 08:42:13 shaju-Inspiron-3521 kernel: [    2.666163] usb 3-4: New USB device strings: Mfr=1, Product=2, SerialNumber=0
Jun 15 08:42:13 shaju-Inspiron-3521 kernel: [    2.666165] usb 3-4: Product: USB Receiver
Jun 15 08:42:13 shaju-Inspiron-3521 kernel: [    2.666167] usb 3-4: Manufacturer: Logitech
Jun 15 08:42:13 shaju-Inspiron-3521 kernel: [    2.672075] hidraw: raw HID events driver (C) Jiri Kosina
Jun 15 08:42:13 shaju-Inspiron-3521 kernel: [    2.673162] usb 2-1: New USB device found, idVendor=8087, idProduct=0024
Jun 15 08:42:13 shaju-Inspiron-3521 kernel: [    2.673165] usb 2-1: New USB device strings: Mfr=0, Product=0, SerialNumber=0
Jun 15 08:42:13 shaju-Inspiron-3521 kernel: [    2.673457] hub 2-1:1.0: USB hub found
Jun 15 08:42:13 shaju-Inspiron-3521 kernel: [    2.673555] hub 2-1:1.0: 6 ports detected
Jun 15 08:42:13 shaju-Inspiron-3521 kernel: [    2.677598] usbcore: registered new interface driver usbhid
Jun 15 08:42:13 shaju-Inspiron-3521 kernel: [    2.677599] usbhid: USB HID core driver
Jun 15 08:42:13 shaju-Inspiron-3521 kernel: [    2.679751] input: Logitech USB Receiver as /devices/pci0000:00/0000:00:14.0/usb3/3-4/3-4:1.0/0003:046D:C534.0001/input/input6
Jun 15 08:42:13 shaju-Inspiron-3521 kernel: [    2.695431] ata3: SATA link up 1.5 Gbps (SStatus 113 SControl 300)
Jun 15 08:42:13 shaju-Inspiron-3521 kernel: [    2.695453] ata1: SATA link up 3.0 Gbps (SStatus 123 SControl 300)
Jun 15 08:42:13 shaju-Inspiron-3521 kernel: [    2.699919] ata3.00: ATAPI: PLDS DVD+/-RW DU-8A5HH, SD11, max UDMA/100
Jun 15 08:42:13 shaju-Inspiron-3521 kernel: [    2.700634] ata3.00: configured for UDMA/100
Jun 15 08:42:13 shaju-Inspiron-3521 kernel: [    2.701774] ata1.00: ATA-8: ST1000LM024 HN-M101MBB, 2AR20004, max UDMA/133
Jun 15 08:42:13 shaju-Inspiron-3521 kernel: [    2.701776] ata1.00: 1953525168 sectors, multi 0: LBA48 NCQ (depth 31/32), AA
Jun 15 08:42:13 shaju-Inspiron-3521 kernel: [    2.708115] ata1.00: configured for UDMA/133
Jun 15 08:42:13 shaju-Inspiron-3521 kernel: [    2.708315] scsi 0:0:0:0: Direct-Access     ATA      ST1000LM024 HN-M 0004 PQ: 0 ANSI: 5
Jun 15 08:42:13 shaju-Inspiron-3521 kernel: [    2.708562] sd 0:0:0:0: Attached scsi generic sg0 type 0
Jun 15 08:42:13 shaju-Inspiron-3521 kernel: [    2.708574] sd 0:0:0:0: [sda] 1953525168 512-byte logical blocks: (1.00 TB/932 GiB)
Jun 15 08:42:13 shaju-Inspiron-3521 kernel: [    2.708593] sd 0:0:0:0: [sda] Write Protect is off
Jun 15 08:42:13 shaju-Inspiron-3521 kernel: [    2.708595] sd 0:0:0:0: [sda] Mode Sense: 00 3a 00 00
Jun 15 08:42:13 shaju-Inspiron-3521 kernel: [    2.708633] sd 0:0:0:0: [sda] Write cache: enabled, read cache: enabled, doesn't support DPO or FUA
Jun 15 08:42:13 shaju-Inspiron-3521 kernel: [    2.713227] scsi 2:0:0:0: CD-ROM            PLDS     DVD+-RW DU-8A5HH SD11 PQ: 0 ANSI: 5
Jun 15 08:42:13 shaju-Inspiron-3521 kernel: [    2.726181] [drm] ring test on 0 succeeded in 1 usecs
Jun 15 08:42:13 shaju-Inspiron-3521 kernel: [    2.726185] [drm] ring test on 1 succeeded in 1 usecs
Jun 15 08:42:13 shaju-Inspiron-3521 kernel: [    2.726188] [drm] ring test on 2 succeeded in 1 usecs
Jun 15 08:42:13 shaju-Inspiron-3521 kernel: [    2.726194] [drm] ring test on 3 succeeded in 3 usecs
Jun 15 08:42:13 shaju-Inspiron-3521 kernel: [    2.726199] [drm] ring test on 4 succeeded in 3 usecs
Jun 15 08:42:13 shaju-Inspiron-3521 kernel: [    2.732434] usb 1-1: New USB device found, idVendor=8087, idProduct=0024
Jun 15 08:42:13 shaju-Inspiron-3521 kernel: [    2.732436] usb 1-1: New USB device strings: Mfr=0, Product=0, SerialNumber=0
Jun 15 08:42:13 shaju-Inspiron-3521 kernel: [    2.732691] hub 1-1:1.0: USB hub found
Jun 15 08:42:13 shaju-Inspiron-3521 kernel: [    2.732783] hub 1-1:1.0: 6 ports detected
Jun 15 08:42:13 shaju-Inspiron-3521 kernel: [    2.736143] hid-generic 0003:046D:C534.0001: input,hidraw0: USB HID v1.11 Keyboard [Logitech USB Receiver] on usb-0000:00:14.0-4/input0
Jun 15 08:42:13 shaju-Inspiron-3521 kernel: [    2.736429] input: Logitech USB Receiver as /devices/pci0000:00/0000:00:14.0/usb3/3-4/3-4:1.1/0003:046D:C534.0002/input/input7
Jun 15 08:42:13 shaju-Inspiron-3521 kernel: [    2.769439]  sda: sda1 sda2 < sda5 >
Jun 15 08:42:13 shaju-Inspiron-3521 kernel: [    2.770013] sd 0:0:0:0: [sda] Attached SCSI disk
Jun 15 08:42:13 shaju-Inspiron-3521 kernel: [    2.796186] hid-generic 0003:046D:C534.0002: input,hiddev0,hidraw1: USB HID v1.11 Mouse [Logitech USB Receiver] on usb-0000:00:14.0-4/input1
Jun 15 08:42:13 shaju-Inspiron-3521 kernel: [    2.901904] [drm] ring test on 5 succeeded in 1 usecs
Jun 15 08:42:13 shaju-Inspiron-3521 kernel: [    2.901910] [drm] UVD initialized successfully.
Jun 15 08:42:13 shaju-Inspiron-3521 kernel: [    2.902116] [drm] ib test on ring 0 succeeded in 0 usecs
Jun 15 08:42:13 shaju-Inspiron-3521 kernel: [    2.902156] [drm] ib test on ring 1 succeeded in 0 usecs
Jun 15 08:42:13 shaju-Inspiron-3521 kernel: [    2.902180] [drm] ib test on ring 2 succeeded in 0 usecs
Jun 15 08:42:13 shaju-Inspiron-3521 kernel: [    2.902221] [drm] ib test on ring 3 succeeded in 0 usecs
Jun 15 08:42:13 shaju-Inspiron-3521 kernel: [    2.902253] [drm] ib test on ring 4 succeeded in 0 usecs
Jun 15 08:42:13 shaju-Inspiron-3521 kernel: [    3.020011] usb 1-1.1: new full-speed USB device number 3 using ehci-pci
Jun 15 08:42:13 shaju-Inspiron-3521 kernel: [    3.106130] sr 2:0:0:0: [sr0] scsi3-mmc drive: 24x/24x writer dvd-ram cd/rw xa/form2 cdda tray
Jun 15 08:42:13 shaju-Inspiron-3521 kernel: [    3.106133] cdrom: Uniform CD-ROM driver Revision: 3.20
Jun 15 08:42:13 shaju-Inspiron-3521 kernel: [    3.106415] sr 2:0:0:0: Attached scsi CD-ROM sr0
Jun 15 08:42:13 shaju-Inspiron-3521 kernel: [    3.106675] sr 2:0:0:0: Attached scsi generic sg1 type 5
Jun 15 08:42:13 shaju-Inspiron-3521 kernel: [    3.130616] usb 1-1.1: New USB device found, idVendor=0cf3, idProduct=e004
Jun 15 08:42:13 shaju-Inspiron-3521 kernel: [    3.130619] usb 1-1.1: New USB device strings: Mfr=1, Product=2, SerialNumber=3
Jun 15 08:42:13 shaju-Inspiron-3521 kernel: [    3.130620] usb 1-1.1: Product: Bluetooth USB Host Controller
Jun 15 08:42:13 shaju-Inspiron-3521 kernel: [    3.130621] usb 1-1.1: Manufacturer: Atheros Communications
Jun 15 08:42:13 shaju-Inspiron-3521 kernel: [    3.130623] usb 1-1.1: SerialNumber: Alaska Day 2006
Jun 15 08:42:13 shaju-Inspiron-3521 kernel: [    3.208112] usb 1-1.3: new high-speed USB device number 4 using ehci-pci
Jun 15 08:42:13 shaju-Inspiron-3521 kernel: [    3.317800] usb 1-1.3: New USB device found, idVendor=0bda, idProduct=0129
Jun 15 08:42:13 shaju-Inspiron-3521 kernel: [    3.317803] usb 1-1.3: New USB device strings: Mfr=1, Product=2, SerialNumber=3
Jun 15 08:42:13 shaju-Inspiron-3521 kernel: [    3.317804] usb 1-1.3: Product: USB2.0-CRW
Jun 15 08:42:13 shaju-Inspiron-3521 kernel: [    3.317805] usb 1-1.3: Manufacturer: Generic
Jun 15 08:42:13 shaju-Inspiron-3521 kernel: [    3.317806] usb 1-1.3: SerialNumber: 20100201396000000
Jun 15 08:42:13 shaju-Inspiron-3521 kernel: [    3.318646] random: fast init done
Jun 15 08:42:13 shaju-Inspiron-3521 kernel: [    3.319064] random: systemd-udevd: uninitialized urandom read (16 bytes read)
Jun 15 08:42:13 shaju-Inspiron-3521 kernel: [    3.319077] random: systemd-udevd: uninitialized urandom read (16 bytes read)
Jun 15 08:42:13 shaju-Inspiron-3521 kernel: [    3.319078] random: systemd-udevd: uninitialized urandom read (16 bytes read)
Jun 15 08:42:13 shaju-Inspiron-3521 kernel: [    3.323858] usbcore: registered new interface driver rtsx_usb
Jun 15 08:42:13 shaju-Inspiron-3521 kernel: [    3.400103] usb 1-1.4: new high-speed USB device number 5 using ehci-pci
Jun 15 08:42:13 shaju-Inspiron-3521 kernel: [    3.563328] usb 1-1.4: New USB device found, idVendor=064e, idProduct=812e
Jun 15 08:42:13 shaju-Inspiron-3521 kernel: [    3.563330] usb 1-1.4: New USB device strings: Mfr=1, Product=2, SerialNumber=0
Jun 15 08:42:13 shaju-Inspiron-3521 kernel: [    3.563332] usb 1-1.4: Product: Laptop_Integrated_Webcam_HD
Jun 15 08:42:13 shaju-Inspiron-3521 kernel: [    3.563333] usb 1-1.4: Manufacturer: SuYin
Jun 15 08:42:13 shaju-Inspiron-3521 kernel: [    3.580140] [drm] ib test on ring 5 succeeded
Jun 15 08:42:13 shaju-Inspiron-3521 kernel: [    3.580897] [drm] Radeon Display Connectors
Jun 15 08:42:13 shaju-Inspiron-3521 kernel: [    3.594326] [drm] Initialized radeon 2.50.0 20080528 for 0000:01:00.0 on minor 0
Jun 15 08:42:13 shaju-Inspiron-3521 kernel: [    3.594747] [drm] Initialized i915 1.6.0 20171023 for 0000:00:02.0 on minor 1
Jun 15 08:42:13 shaju-Inspiron-3521 kernel: [    3.594906] [Firmware Bug]: ACPI(PEGP) defines _DOD but not _DOS
Jun 15 08:42:13 shaju-Inspiron-3521 kernel: [    3.595839] ACPI: Video Device [PEGP] (multi-head: yes  rom: no  post: no)
Jun 15 08:42:13 shaju-Inspiron-3521 kernel: [    3.595850] ACPI Error: [\_SB_.PCI0.GFX0.DD02._BCL] Namespace lookup failure, AE_NOT_FOUND (20170831/psargs-364)
Jun 15 08:42:13 shaju-Inspiron-3521 kernel: [    3.595862] No Local Variables are initialized for Method [_BCL]
Jun 15 08:42:13 shaju-Inspiron-3521 kernel: [    3.595864] No Arguments are initialized for method [_BCL]
Jun 15 08:42:13 shaju-Inspiron-3521 kernel: [    3.595866] ACPI Error: Method parse/execution failed \_SB.PCI0.PEG0.PEGP.DD02._BCL, AE_NOT_FOUND (20170831/psparse-550)
Jun 15 08:42:13 shaju-Inspiron-3521 kernel: [    3.596069] input: Video Bus as /devices/LNXSYSTM:00/LNXSYBUS:00/PNP0A08:00/device:2b/LNXVIDEO:00/input/input8
Jun 15 08:42:13 shaju-Inspiron-3521 kernel: [    3.596963] ACPI: Video Device [GFX0] (multi-head: yes  rom: no  post: no)
Jun 15 08:42:13 shaju-Inspiron-3521 kernel: [    3.597151] input: Video Bus as /devices/LNXSYSTM:00/LNXSYBUS:00/PNP0A08:00/LNXVIDEO:02/input/input9
Jun 15 08:42:13 shaju-Inspiron-3521 kernel: [    3.627317] [drm] amdgpu kernel modesetting enabled.
Jun 15 08:42:13 shaju-Inspiron-3521 kernel: [    3.627341] vga_switcheroo: detected switching method \_SB_.PCI0.GFX0.ATPX handle
Jun 15 08:42:13 shaju-Inspiron-3521 kernel: [    3.627578] ATPX version 1, functions 0x00000033
Jun 15 08:42:13 shaju-Inspiron-3521 kernel: [    3.688030] clocksource: Switched to clocksource tsc
Jun 15 08:42:13 shaju-Inspiron-3521 kernel: [    3.729173] fbcon: inteldrmfb (fb0) is primary device
Jun 15 08:42:13 shaju-Inspiron-3521 kernel: [    3.888194] random: crng init done
Jun 15 08:42:13 shaju-Inspiron-3521 kernel: [    3.888199] random: 7 urandom warning(s) missed due to ratelimiting
Jun 15 08:42:13 shaju-Inspiron-3521 kernel: [    4.479839] Console: switching to colour frame buffer device 170x48
Jun 15 08:42:13 shaju-Inspiron-3521 kernel: [    4.498943] i915 0000:00:02.0: fb0: inteldrmfb frame buffer device
Jun 15 08:42:13 shaju-Inspiron-3521 kernel: [    4.844006] raid6: sse2x1   gen()  7833 MB/s
Jun 15 08:42:13 shaju-Inspiron-3521 kernel: [    4.892001] raid6: sse2x1   xor()  5653 MB/s
Jun 15 08:42:13 shaju-Inspiron-3521 kernel: [    4.940003] raid6: sse2x2   gen()  9400 MB/s
Jun 15 08:42:13 shaju-Inspiron-3521 kernel: [    4.987998] raid6: sse2x2   xor()  6255 MB/s
Jun 15 08:42:13 shaju-Inspiron-3521 kernel: [    5.036003] raid6: sse2x4   gen() 11199 MB/s
Jun 15 08:42:13 shaju-Inspiron-3521 kernel: [    5.083997] raid6: sse2x4   xor()  7614 MB/s
Jun 15 08:42:13 shaju-Inspiron-3521 kernel: [    5.083999] raid6: using algorithm sse2x4 gen() 11199 MB/s
Jun 15 08:42:13 shaju-Inspiron-3521 kernel: [    5.083999] raid6: .... xor() 7614 MB/s, rmw enabled
Jun 15 08:42:13 shaju-Inspiron-3521 kernel: [    5.084001] raid6: using ssse3x2 recovery algorithm
Jun 15 08:42:13 shaju-Inspiron-3521 kernel: [    5.087247] xor: automatically using best checksumming function   avx       
Jun 15 08:42:13 shaju-Inspiron-3521 kernel: [    5.103959] Btrfs loaded, crc32c=crc32c-intel
Jun 15 08:42:13 shaju-Inspiron-3521 kernel: [    5.387381] EXT4-fs (sda1): mounted filesystem with ordered data mode. Opts: (null)
Jun 15 08:42:13 shaju-Inspiron-3521 kernel: [    7.332255] ip_tables: (C) 2000-2006 Netfilter Core Team
Jun 15 08:42:13 shaju-Inspiron-3521 kernel: [   12.086775] lp: driver loaded but no devices found
Jun 15 08:42:13 shaju-Inspiron-3521 kernel: [   12.174833] ppdev: user-space parallel port driver
Jun 15 08:42:13 shaju-Inspiron-3521 kernel: [   12.328633] EXT4-fs (sda1): re-mounted. Opts: errors=remount-ro
Jun 15 08:42:13 shaju-Inspiron-3521 kernel: [   22.366810] audit: type=1400 audit(1560580904.659:2): apparmor="STATUS" operation="profile_load" profile="unconfined" name="/usr/bin/man" pid=558 comm="apparmor_parser"
Jun 15 08:42:13 shaju-Inspiron-3521 kernel: [   22.366816] audit: type=1400 audit(1560580904.659:3): apparmor="STATUS" operation="profile_load" profile="unconfined" name="man_filter" pid=558 comm="apparmor_parser"
Jun 15 08:42:13 shaju-Inspiron-3521 kernel: [   22.366819] audit: type=1400 audit(1560580904.659:4): apparmor="STATUS" operation="profile_load" profile="unconfined" name="man_groff" pid=558 comm="apparmor_parser"
Jun 15 08:42:13 shaju-Inspiron-3521 kernel: [   22.471635] audit: type=1400 audit(1560580904.763:5): apparmor="STATUS" operation="profile_load" profile="unconfined" name="/usr/bin/ubuntu-core-launcher" pid=577 comm="apparmor_parser"
Jun 15 08:42:13 shaju-Inspiron-3521 kernel: [   22.516220] audit: type=1400 audit(1560580904.811:6): apparmor="STATUS" operation="profile_load" profile="unconfined" name="/sbin/dhclient" pid=555 comm="apparmor_parser"
Jun 15 08:42:13 shaju-Inspiron-3521 kernel: [   22.516223] audit: type=1400 audit(1560580904.811:7): apparmor="STATUS" operation="profile_load" profile="unconfined" name="/usr/lib/NetworkManager/nm-dhcp-client.action" pid=555 comm="apparmor_parser"
Jun 15 08:42:13 shaju-Inspiron-3521 kernel: [   22.516224] audit: type=1400 audit(1560580904.811:8): apparmor="STATUS" operation="profile_load" profile="unconfined" name="/usr/lib/NetworkManager/nm-dhcp-helper" pid=555 comm="apparmor_parser"
Jun 15 08:42:13 shaju-Inspiron-3521 kernel: [   22.516226] audit: type=1400 audit(1560580904.811:9): apparmor="STATUS" operation="profile_load" profile="unconfined" name="/usr/lib/connman/scripts/dhclient-script" pid=555 comm="apparmor_parser"
Jun 15 08:42:13 shaju-Inspiron-3521 kernel: [   22.627855] audit: type=1400 audit(1560580904.919:10): apparmor="STATUS" operation="profile_load" profile="unconfined" name="libreoffice-oopslash" pid=578 comm="apparmor_parser"
Jun 15 08:42:13 shaju-Inspiron-3521 kernel: [   22.936125] audit: type=1400 audit(1560580905.231:11): apparmor="STATUS" operation="profile_load" profile="unconfined" name="libreoffice-senddoc" pid=579 comm="apparmor_parser"
Jun 15 08:42:13 shaju-Inspiron-3521 kernel: [   24.586804] dcdbas dcdbas: Dell Systems Management Base Driver (version 5.6.0-3.2)
Jun 15 08:42:13 shaju-Inspiron-3521 kernel: [   24.972309] input: Dell WMI hotkeys as /devices/platform/PNP0C14:00/wmi_bus/wmi_bus-PNP0C14:00/9DBB5994-A997-11DA-B012-B622A1EF5492/input/input10
Jun 15 08:42:13 shaju-Inspiron-3521 kernel: [   25.097620] ACPI Warning: SystemIO range 0x0000000000000428-0x000000000000042F conflicts with OpRegion 0x0000000000000400-0x000000000000047F (\PMIO) (20170831/utaddress-247)
Jun 15 08:42:13 shaju-Inspiron-3521 kernel: [   25.097629] ACPI: If an ACPI driver is available for this device, you should use it instead of the native driver
Jun 15 08:42:13 shaju-Inspiron-3521 kernel: [   25.097633] ACPI Warning: SystemIO range 0x0000000000000540-0x000000000000054F conflicts with OpRegion 0x0000000000000500-0x0000000000000563 (\GPIO) (20170831/utaddress-247)
Jun 15 08:42:13 shaju-Inspiron-3521 kernel: [   25.097640] ACPI Warning: SystemIO range 0x0000000000000540-0x000000000000054F conflicts with OpRegion 0x0000000000000500-0x000000000000055F (\_SB.PCI0.PEG0.PEGP.GPIO) (20170831/utaddress-247)
Jun 15 08:42:13 shaju-Inspiron-3521 kernel: [   25.097646] ACPI: If an ACPI driver is available for this device, you should use it instead of the native driver
Jun 15 08:42:13 shaju-Inspiron-3521 kernel: [   25.097647] ACPI Warning: SystemIO range 0x0000000000000530-0x000000000000053F conflicts with OpRegion 0x0000000000000500-0x0000000000000563 (\GPIO) (20170831/utaddress-247)
Jun 15 08:42:13 shaju-Inspiron-3521 kernel: [   25.097653] ACPI Warning: SystemIO range 0x0000000000000530-0x000000000000053F conflicts with OpRegion 0x0000000000000500-0x000000000000055F (\_SB.PCI0.PEG0.PEGP.GPIO) (20170831/utaddress-247)
Jun 15 08:42:13 shaju-Inspiron-3521 kernel: [   25.097658] ACPI: If an ACPI driver is available for this device, you should use it instead of the native driver
Jun 15 08:42:13 shaju-Inspiron-3521 kernel: [   25.097660] ACPI Warning: SystemIO range 0x0000000000000500-0x000000000000052F conflicts with OpRegion 0x0000000000000500-0x0000000000000563 (\GPIO) (20170831/utaddress-247)
Jun 15 08:42:13 shaju-Inspiron-3521 kernel: [   25.097666] ACPI Warning: SystemIO range 0x0000000000000500-0x000000000000052F conflicts with OpRegion 0x0000000000000500-0x000000000000055F (\_SB.PCI0.PEG0.PEGP.GPIO) (20170831/utaddress-247)
Jun 15 08:42:13 shaju-Inspiron-3521 kernel: [   25.097671] ACPI: If an ACPI driver is available for this device, you should use it instead of the native driver
Jun 15 08:42:13 shaju-Inspiron-3521 kernel: [   25.097672] lpc_ich: Resource conflict(s) found affecting gpio_ich
Jun 15 08:42:13 shaju-Inspiron-3521 kernel: [   25.527885] shpchp: Standard Hot Plug PCI Controller Driver version: 0.4
Jun 15 08:42:13 shaju-Inspiron-3521 kernel: [   27.729125] kauditd_printk_skb: 27 callbacks suppressed
Jun 15 08:42:13 shaju-Inspiron-3521 kernel: [   27.729127] audit: type=1400 audit(1560580910.023:39): apparmor="STATUS" operation="profile_load" profile="unconfined" name="snap.skype.skype" pid=638 comm="apparmor_parser"
